Component: ARM Compiler 5.06 update 7 (build 960) Tool: armlink [4d3601]

==============================================================================

Section Cross References

    stm32f4xx_hal_can.o(i.CAN_Receive_IT) refers to bsp_can.o(i.HAL_CAN_RxCpltCallback) for HAL_CAN_RxCpltCallback
    stm32f4xx_hal_can.o(i.CAN_Transmit_IT) refers to stm32f4xx_hal_can.o(i.HAL_CAN_TxCpltCallback) for HAL_CAN_TxCpltCallback
    stm32f4xx_hal_can.o(i.HAL_CAN_DeInit) refers to can.o(i.HAL_CAN_MspDeInit) for HAL_CAN_MspDeInit
    stm32f4xx_hal_can.o(i.HAL_CAN_IRQHandler) refers to stm32f4xx_hal_can.o(i.CAN_Transmit_IT) for CAN_Transmit_IT
    stm32f4xx_hal_can.o(i.HAL_CAN_IRQHandler) refers to stm32f4xx_hal_can.o(i.CAN_Receive_IT) for CAN_Receive_IT
    stm32f4xx_hal_can.o(i.HAL_CAN_IRQHandler) refers to stm32f4xx_hal_can.o(i.HAL_CAN_ErrorCallback) for HAL_CAN_ErrorCallback
    stm32f4xx_hal_can.o(i.HAL_CAN_Init) refers to can.o(i.HAL_CAN_MspInit) for HAL_CAN_MspInit
    stm32f4xx_hal_can.o(i.HAL_CAN_Init) refers to stm32f4xx_hal.o(i.HAL_GetTick) for HAL_GetTick
    stm32f4xx_hal_can.o(i.HAL_CAN_Receive) refers to stm32f4xx_hal.o(i.HAL_GetTick) for HAL_GetTick
    stm32f4xx_hal_can.o(i.HAL_CAN_Sleep) refers to stm32f4xx_hal.o(i.HAL_GetTick) for HAL_GetTick
    stm32f4xx_hal_can.o(i.HAL_CAN_Transmit) refers to stm32f4xx_hal.o(i.HAL_GetTick) for HAL_GetTick
    stm32f4xx_hal_can.o(i.HAL_CAN_WakeUp) refers to stm32f4xx_hal.o(i.HAL_GetTick) for HAL_GetTick
    stm32f4xx_hal_gpio.o(i.HAL_GPIO_EXTI_IRQHandler) refers to stm32f4xx_hal_gpio.o(i.HAL_GPIO_EXTI_Callback) for HAL_GPIO_EXTI_Callback
    stm32f4xx_hal_flash.o(i.FLASH_SetErrorCode) refers to stm32f4xx_hal_flash.o(.bss) for .bss
    stm32f4xx_hal_flash.o(i.FLASH_WaitForLastOperation) refers to stm32f4xx_hal.o(i.HAL_GetTick) for HAL_GetTick
    stm32f4xx_hal_flash.o(i.FLASH_WaitForLastOperation) refers to stm32f4xx_hal_flash.o(i.FLASH_SetErrorCode) for FLASH_SetErrorCode
    stm32f4xx_hal_flash.o(i.FLASH_WaitForLastOperation) refers to stm32f4xx_hal_flash.o(.bss) for .bss
    stm32f4xx_hal_flash.o(i.HAL_FLASH_GetError) refers to stm32f4xx_hal_flash.o(.bss) for .bss
    stm32f4xx_hal_flash.o(i.HAL_FLASH_IRQHandler) refers to stm32f4xx_hal_flash.o(i.FLASH_SetErrorCode) for FLASH_SetErrorCode
    stm32f4xx_hal_flash.o(i.HAL_FLASH_IRQHandler) refers to stm32f4xx_hal_flash.o(i.HAL_FLASH_OperationErrorCallback) for HAL_FLASH_OperationErrorCallback
    stm32f4xx_hal_flash.o(i.HAL_FLASH_IRQHandler) refers to stm32f4xx_hal_flash.o(i.HAL_FLASH_EndOfOperationCallback) for HAL_FLASH_EndOfOperationCallback
    stm32f4xx_hal_flash.o(i.HAL_FLASH_IRQHandler) refers to stm32f4xx_hal_flash_ex.o(i.FLASH_Erase_Sector) for FLASH_Erase_Sector
    stm32f4xx_hal_flash.o(i.HAL_FLASH_IRQHandler) refers to stm32f4xx_hal_flash_ex.o(i.FLASH_FlushCaches) for FLASH_FlushCaches
    stm32f4xx_hal_flash.o(i.HAL_FLASH_IRQHandler) refers to stm32f4xx_hal_flash.o(.bss) for .bss
    stm32f4xx_hal_flash.o(i.HAL_FLASH_OB_Launch) refers to stm32f4xx_hal_flash.o(i.FLASH_WaitForLastOperation) for FLASH_WaitForLastOperation
    stm32f4xx_hal_flash.o(i.HAL_FLASH_Program) refers to stm32f4xx_hal_flash.o(i.FLASH_WaitForLastOperation) for FLASH_WaitForLastOperation
    stm32f4xx_hal_flash.o(i.HAL_FLASH_Program) refers to stm32f4xx_hal_flash.o(i.FLASH_Program_DoubleWord) for FLASH_Program_DoubleWord
    stm32f4xx_hal_flash.o(i.HAL_FLASH_Program) refers to stm32f4xx_hal_flash.o(i.FLASH_Program_Byte) for FLASH_Program_Byte
    stm32f4xx_hal_flash.o(i.HAL_FLASH_Program) refers to stm32f4xx_hal_flash.o(i.FLASH_Program_HalfWord) for FLASH_Program_HalfWord
    stm32f4xx_hal_flash.o(i.HAL_FLASH_Program) refers to stm32f4xx_hal_flash.o(i.FLASH_Program_Word) for FLASH_Program_Word
    stm32f4xx_hal_flash.o(i.HAL_FLASH_Program) refers to stm32f4xx_hal_flash.o(.bss) for .bss
    stm32f4xx_hal_flash.o(i.HAL_FLASH_Program_IT) refers to stm32f4xx_hal_flash.o(i.FLASH_Program_DoubleWord) for FLASH_Program_DoubleWord
    stm32f4xx_hal_flash.o(i.HAL_FLASH_Program_IT) refers to stm32f4xx_hal_flash.o(i.FLASH_Program_Byte) for FLASH_Program_Byte
    stm32f4xx_hal_flash.o(i.HAL_FLASH_Program_IT) refers to stm32f4xx_hal_flash.o(i.FLASH_Program_HalfWord) for FLASH_Program_HalfWord
    stm32f4xx_hal_flash.o(i.HAL_FLASH_Program_IT) refers to stm32f4xx_hal_flash.o(i.FLASH_Program_Word) for FLASH_Program_Word
    stm32f4xx_hal_flash.o(i.HAL_FLASH_Program_IT) refers to stm32f4xx_hal_flash.o(.bss) for .bss
    stm32f4xx_hal_flash_ex.o(i.FLASH_OB_DisableWRP) refers to stm32f4xx_hal_flash.o(i.FLASH_WaitForLastOperation) for FLASH_WaitForLastOperation
    stm32f4xx_hal_flash_ex.o(i.FLASH_OB_EnableWRP) refers to stm32f4xx_hal_flash.o(i.FLASH_WaitForLastOperation) for FLASH_WaitForLastOperation
    stm32f4xx_hal_flash_ex.o(i.HAL_FLASHEx_AdvOBProgram) refers to stm32f4xx_hal_flash.o(i.FLASH_WaitForLastOperation) for FLASH_WaitForLastOperation
[...]
    i.HAL_RCC_GetPCLK1Freq                   0x0800168c   Section        0  stm32f4xx_hal_rcc.o(i.HAL_RCC_GetPCLK1Freq)
    i.HAL_RCC_GetPCLK2Freq                   0x080016bc   Section        0  stm32f4xx_hal_rcc.o(i.HAL_RCC_GetPCLK2Freq)
    i.HAL_RCC_GetSysClockFreq                0x080016ec   Section        0  stm32f4xx_hal_rcc.o(i.HAL_RCC_GetSysClockFreq)
    i.HAL_RCC_OscConfig                      0x08001760   Section        0  stm32f4xx_hal_rcc.o(i.HAL_RCC_OscConfig)
    i.HAL_SYSTICK_CLKSourceConfig            0x08001a44   Section        0  stm32f4xx_hal_cortex.o(i.HAL_SYSTICK_CLKSourceConfig)
    i.HAL_SYSTICK_Config                     0x08001a5c   Section        0  stm32f4xx_hal_cortex.o(i.HAL_SYSTICK_Config)
    i.HAL_TIMEx_BreakCallback                0x08001a84   Section        0  stm32f4xx_hal_tim_ex.o(i.HAL_TIMEx_BreakCallback)
    i.HAL_TIMEx_CommutationCallback          0x08001a86   Section        0  stm32f4xx_hal_tim_ex.o(i.HAL_TIMEx_CommutationCallback)
    i.HAL_TIMEx_MasterConfigSynchronization  0x08001a88   Section        0  stm32f4xx_hal_tim_ex.o(i.HAL_TIMEx_MasterConfigSynchronization)
    i.HAL_TIM_Base_Init                      0x08001ad8   Section        0  stm32f4xx_hal_tim.o(i.HAL_TIM_Base_Init)
    i.HAL_TIM_Base_MspInit                   0x08001b10   Section        0  tim.o(i.HAL_TIM_Base_MspInit)
    i.HAL_TIM_Base_Start_IT                  0x08001b9c   Section        0  stm32f4xx_hal_tim.o(i.HAL_TIM_Base_Start_IT)
    i.HAL_TIM_ConfigClockSource              0x08001bb4   Section        0  stm32f4xx_hal_tim.o(i.HAL_TIM_ConfigClockSource)
    i.HAL_TIM_IC_CaptureCallback             0x08001ca8   Section        0  freertos.o(i.HAL_TIM_IC_CaptureCallback)
    i.HAL_TIM_IC_ConfigChannel               0x08001ce4   Section        0  stm32f4xx_hal_tim.o(i.HAL_TIM_IC_ConfigChannel)
    i.HAL_TIM_IC_Init                        0x08001e02   Section        0  stm32f4xx_hal_tim.o(i.HAL_TIM_IC_Init)
    i.HAL_TIM_IC_MspInit                     0x08001e38   Section        0  stm32f4xx_hal_tim.o(i.HAL_TIM_IC_MspInit)
    i.HAL_TIM_IC_Start_IT                    0x08001e3a   Section        0  stm32f4xx_hal_tim.o(i.HAL_TIM_IC_Start_IT)
    i.HAL_TIM_IC_Stop_IT                     0x08001e86   Section        0  stm32f4xx_hal_tim.o(i.HAL_TIM_IC_Stop_IT)
    i.HAL_TIM_IRQHandler                     0x08001ee4   Section        0  stm32f4xx_hal_tim.o(i.HAL_TIM_IRQHandler)
    i.HAL_TIM_MspPostInit                    0x0800204c   Section        0  tim.o(i.HAL_TIM_MspPostInit)
    i.HAL_TIM_OC_ConfigChannel               0x08002130   Section        0  stm32f4xx_hal_tim.o(i.HAL_TIM_OC_ConfigChannel)
    i.HAL_TIM_OC_DelayElapsedCallback        0x08002186   Section        0  stm32f4xx_hal_tim.o(i.HAL_TIM_OC_DelayElapsedCallback)
    i.HAL_TIM_OC_Init                        0x08002188   Section        0  stm32f4xx_hal_tim.o(i.HAL_TIM_OC_Init)
    i.HAL_TIM_OC_MspInit                     0x080021be   Section        0  stm32f4xx_hal_tim.o(i.HAL_TIM_OC_MspInit)
    i.HAL_TIM_PWM_ConfigChannel              0x080021c0   Section        0  stm32f4xx_hal_tim.o(i.HAL_TIM_PWM_ConfigChannel)
    i.HAL_TIM_PWM_Init                       0x08002290   Section        0  stm32f4xx_hal_tim.o(i.HAL_TIM_PWM_Init)
    i.HAL_TIM_PWM_MspInit                    0x080022c8   Section        0  tim.o(i.HAL_TIM_PWM_MspInit)
    i.HAL_TIM_PWM_PulseFinishedCallback      0x0800234c   Section        0  stm32f4xx_hal_tim.o(i.HAL_TIM_PWM_PulseFinishedCallback)
    i.HAL_TIM_PWM_Start                      0x08002350   Section        0  stm32f4xx_hal_tim.o(i.HAL_TIM_PWM_Start)
    i.HAL_TIM_PeriodElapsedCallback          0x08002388   Section        0  main.o(i.HAL_TIM_PeriodElapsedCallback)
    i.HAL_TIM_TriggerCallback                0x0800239c   Section        0  stm32f4xx_hal_tim.o(i.HAL_TIM_TriggerCallback)
    i.HAL_UART_ErrorCallback                 0x0800239e   Section        0  stm32f4xx_hal_uart.o(i.HAL_UART_ErrorCallback)
    i.HAL_UART_IRQHandler                    0x080023a0   Section        0  stm32f4xx_hal_uart.o(i.HAL_UART_IRQHandler)
    i.HAL_UART_Init                          0x080024b0   Section        0  stm32f4xx_hal_uart.o(i.HAL_UART_Init)
    i.HAL_UART_MspInit                       0x08002514   Section        0  usart.o(i.HAL_UART_MspInit)
    i.HAL_UART_Receive_IT                    0x08002738   Section        0  stm32f4xx_hal_uart.o(i.HAL_UART_Receive_IT)
    i.HAL_UART_RxCpltCallback                0x08002780   Section        0  usart.o(i.HAL_UART_RxCpltCallback)
    i.HAL_UART_Transmit                      0x08002854   Section        0  stm32f4xx_hal_uart.o(i.HAL_UART_Transmit)
    i.HAL_UART_TxCpltCallback                0x0800290e   Section        0  stm32f4xx_hal_uart.o(i.HAL_UART_TxCpltCallback)
    i.HardFault_Handler                      0x08002910   Section        0  stm32f4xx_it.o(i.HardFault_Handler)
    i.MX_CAN1_Init                           0x08002914   Section        0  can.o(i.MX_CAN1_Init)
    i.MX_DMA_Init                            0x08002958   Section        0  dma.o(i.MX_DMA_Init)
    i.MX_FREERTOS_Init                       0x080029c4   Section        0  freertos.o(i.MX_FREERTOS_Init)
    i.MX_GPIO_Init                           0x08002a00   Section        0  gpio.o(i.MX_GPIO_Init)
    i.MX_TIM2_Init                           0x08002c2c   Section        0  tim.o(i.MX_TIM2_Init)
    i.MX_TIM4_Init                           0x08002d0c   Section        0  tim.o(i.MX_TIM4_Init)
    i.MX_TIM5_Init                           0x08002db0   Section        0  tim.o(i.MX_TIM5_Init)
    i.MX_TIM8_Init                           0x08002e94   Section        0  tim.o(i.MX_TIM8_Init)
    i.MX_UART7_UART_Init                     0x08002f80   Section        0  usart.o(i.MX_UART7_UART_Init)
    i.MX_USART6_UART_Init                    0x08002fb8   Section        0  usart.o(i.MX_USART6_UART_Init)
    i.MemManage_Handler                      0x08002ff0   Section        0  stm32f4xx_it.o(i.MemManage_Handler)
    i.NMI_Handler                            0x08002ff2   Section        0  stm32f4xx_it.o(i.NMI_Handler)
    i.NVIC_SetPriority                       0x08002ff4   Section        0  stm32f4xx_hal_cortex.o(i.NVIC_SetPriority)
    NVIC_SetPriority                         0x08002ff5   Thumb Code    32  stm32f4xx_hal_cortex.o(i.NVIC_SetPriority)
    i.PID_struct_init                        0x08003014   Section        0  pid.o(i.PID_struct_init)
    i.PS2_ClearData                          0x0800302c   Section        0  bsp_ps2.o(i.PS2_ClearData)
    i.PS2_DataKey                            0x08003044   Section        0  bsp_ps2.o(i.PS2_DataKey)
    i.PS2_Init                               0x080030bc   Section        0  bsp_ps2.o(i.PS2_Init)
    i.PS2_ReadData                           0x08003168   Section        0  bsp_ps2.o(i.PS2_ReadData)
    i.StartTask01                            0x080031f0   Section        0  freertos.o(i.StartTask01)
    i.StartTask02                            0x08003390   Section        0  freertos.o(i.StartTask02)
    i.SysTick_Handler                        0x08003bac   Section        0  stm32f4xx_it.o(i.SysTick_Handler)
    i.SystemClock_Config                     0x08003bb0   Section        0  main.o(i.SystemClock_Config)
    i.SystemInit                             0x08003c54   Section        0  system_stm32f4xx.o(i.SystemInit)
    i.TIM2_IRQHandler                        0x08003ca8   Section        0  stm32f4xx_it.o(i.TIM2_IRQHandler)
    i.TIM5_IRQHandler                        0x08003cb4   Section        0  stm32f4xx_it.o(i.TIM5_IRQHandler)
    i.TIM6_DAC_IRQHandler                    0x08003cc0   Section        0  stm32f4xx_it.o(i.TIM6_DAC_IRQHandler)
    i.TIM8_CC_IRQHandler                     0x08003ccc   Section        0  stm32f4xx_it.o(i.TIM8_CC_IRQHandler)
    i.TIM_Base_SetConfig                     0x08003cd8   Section        0  stm32f4xx_hal_tim.o(i.TIM_Base_SetConfig)
    i.TIM_CCxChannelCmd                      0x08003d98   Section        0  stm32f4xx_hal_tim.o(i.TIM_CCxChannelCmd)
    i.TIM_ETR_SetConfig                      0x08003dae   Section        0  stm32f4xx_hal_tim.o(i.TIM_ETR_SetConfig)
    TIM_ETR_SetConfig                        0x08003daf   Thumb Code    20  stm32f4xx_hal_tim.o(i.TIM_ETR_SetConfig)
    i.TIM_ITRx_SetConfig                     0x08003dc2   Section        0  stm32f4xx_hal_tim.o(i.TIM_ITRx_SetConfig)
    TIM_ITRx_SetConfig                       0x08003dc3   Thumb Code    16  stm32f4xx_hal_tim.o(i.TIM_ITRx_SetConfig)
    i.TIM_OC1_SetConfig                      0x08003dd4   Section        0  stm32f4xx_hal_tim.o(i.TIM_OC1_SetConfig)
    TIM_OC1_SetConfig                        0x08003dd5   Thumb Code    80  stm32f4xx_hal_tim.o(i.TIM_OC1_SetConfig)
    i.TIM_OC2_SetConfig                      0x08003e2c   Section        0  stm32f4xx_hal_tim.o(i.TIM_OC2_SetConfig)
    i.TIM_OC3_SetConfig                      0x08003e90   Section        0  stm32f4xx_hal_tim.o(i.TIM_OC3_SetConfig)
    TIM_OC3_SetConfig                        0x08003e91   Thumb Code    88  stm32f4xx_hal_tim.o(i.TIM_OC3_SetConfig)
    i.TIM_OC4_SetConfig                      0x08003ef0   Section        0  stm32f4xx_hal_tim.o(i.TIM_OC4_SetConfig)
    TIM_OC4_SetConfig                        0x08003ef1   Thumb Code    70  stm32f4xx_hal_tim.o(i.TIM_OC4_SetConfig)
    i.TIM_TI1_ConfigInputStage               0x08003f40   Section        0  stm32f4xx_hal_tim.o(i.TIM_TI1_ConfigInputStage)
    TIM_TI1_ConfigInputStage                 0x08003f41   Thumb Code    34  stm32f4xx_hal_tim.o(i.TIM_TI1_ConfigInputStage)
    i.TIM_TI1_SetConfig                      0x08003f64   Section        0  stm32f4xx_hal_tim.o(i.TIM_TI1_SetConfig)
    i.TIM_TI2_ConfigInputStage               0x08003fe8   Section        0  stm32f4xx_hal_tim.o(i.TIM_TI2_ConfigInputStage)
    TIM_TI2_ConfigInputStage                 0x08003fe9   Thumb Code    36  stm32f4xx_hal_tim.o(i.TIM_TI2_ConfigInputStage)
    i.TIM_TI2_SetConfig                      0x0800400c   Section        0  stm32f4xx_hal_tim.o(i.TIM_TI2_SetConfig)
    TIM_TI2_SetConfig                        0x0800400d   Thumb Code    54  stm32f4xx_hal_tim.o(i.TIM_TI2_SetConfig)
    i.UART_DMAAbortOnError                   0x08004042   Section        0  stm32f4xx_hal_uart.o(i.UART_DMAAbortOnError)
    UART_DMAAbortOnError                     0x08004043   Thumb Code    16  stm32f4xx_hal_uart.o(i.UART_DMAAbortOnError)
    i.UART_EndRxTransfer                     0x08004052   Section        0  stm32f4xx_hal_uart.o(i.UART_EndRxTransfer)
    UART_EndRxTransfer                       0x08004053   Thumb Code    28  stm32f4xx_hal_uart.o(i.UART_EndRxTransfer)
    i.UART_Receive_IT                        0x0800406e   Section        0  stm32f4xx_hal_uart.o(i.UART_Receive_IT)
    UART_Receive_IT                          0x0800406f   Thumb Code   140  stm32f4xx_hal_uart.o(i.UART_Receive_IT)
    i.UART_SetConfig                         0x080040fc   Section        0  stm32f4xx_hal_uart.o(i.UART_SetConfig)
    UART_SetConfig                           0x080040fd   Thumb Code   676  stm32f4xx_hal_uart.o(i.UART_SetConfig)
    i.UART_Transmit_IT                       0x080043a8   Section        0  stm32f4xx_hal_uart.o(i.UART_Transmit_IT)
    UART_Transmit_IT                         0x080043a9   Thumb Code    98  stm32f4xx_hal_uart.o(i.UART_Transmit_IT)
    i.UART_WaitOnFlagUntilTimeout            0x0800440a   Section        0  stm32f4xx_hal_uart.o(i.UART_WaitOnFlagUntilTimeout)
    UART_WaitOnFlagUntilTimeout              0x0800440b   Thumb Code   100  stm32f4xx_hal_uart.o(i.UART_WaitOnFlagUntilTimeout)
    i.USART1_IRQHandler                      0x08004470   Section        0  stm32f4xx_it.o(i.USART1_IRQHandler)
    i.USART2_IRQHandler                      0x0800447c   Section        0  stm32f4xx_it.o(i.USART2_IRQHandler)
    i.USART3_IRQHandler                      0x08004488   Section        0  stm32f4xx_it.o(i.USART3_IRQHandler)
    i.USART6_IRQHandler                      0x08004494   Section        0  stm32f4xx_it.o(i.USART6_IRQHandler)
    i.UsageFault_Handler                     0x080044a0   Section        0  stm32f4xx_it.o(i.UsageFault_Handler)
    i.__0printf$bare                         0x080044a4   Section        0  printfb.o(i.__0printf$bare)
    i.__aeabi_errno_addr                     0x080044b4   Section        0  errno.o(i.__aeabi_errno_addr)
    i.__scatterload_copy                     0x080044bc   Section       14  handlers.o(i.__scatterload_copy)
    i.__scatterload_null                     0x080044ca   Section        2  handlers.o(i.__scatterload_null)
    i.__scatterload_zeroinit                 0x080044cc   Section       14  handlers.o(i.__scatterload_zeroinit)
    i._printf_core                           0x080044da   Section        0  printfb.o(i._printf_core)
    _printf_core                             0x080044db   Thumb Code    34  printfb.o(i._printf_core)
    i.abs_limit                              0x080044fc   Section        0  pid.o(i.abs_limit)
    i.app_ps2_deal                           0x08004528   Section        0  bsp_ps2.o(i.app_ps2_deal)
    i.delay_1us                              0x0800481c   Section        0  bsp_ps2.o(i.delay_1us)
    i.duoji_smooth                           0x08004838   Section        0  freertos.o(i.duoji_smooth)
    i.fputc                                  0x080048ac   Section        0  usart.o(i.fputc)
    i.get_moto_measure                       0x080048c4   Section        0  bsp_can.o(i.get_moto_measure)
    i.get_moto_offset                        0x08004918   Section        0  bsp_can.o(i.get_moto_offset)
    i.main                                   0x08004924   Section        0  main.o(i.main)
    i.makeFreeRtosPriority                   0x0800499c   Section        0  cmsis_os.o(i.makeFreeRtosPriority)
    makeFreeRtosPriority                     0x0800499d   Thumb Code    12  cmsis_os.o(i.makeFreeRtosPriority)
    i.my_can_filter_init_recv_all            0x080049a8   Section        0  bsp_can.o(i.my_can_filter_init_recv_all)
    i.osDelay                                0x08004a08   Section        0  cmsis_os.o(i.osDelay)
    i.osKernelStart                          0x08004a16   Section        0  cmsis_os.o(i.osKernelStart)
    i.osSystickHandler                       0x08004a20   Section        0  cmsis_os.o(i.osSystickHandler)
    i.osThreadCreate                         0x08004a34   Section        0  cmsis_os.o(i.osThreadCreate)
    i.pid_calc                               0x08004a6c   Section        0  pid.o(i.pid_calc)
    i.pid_param_init                         0x08004c30   Section        0  pid.o(i.pid_param_init)
    pid_param_init                           0x08004c31   Thumb Code    14  pid.o(i.pid_param_init)
    i.pid_reset                              0x08004c3e   Section        0  pid.o(i.pid_reset)
    pid_reset                                0x08004c3f   Thumb Code     6  pid.o(i.pid_reset)
    i.prvAddCurrentTaskToDelayedList         0x08004c44   Section        0  tasks.o(i.prvAddCurrentTaskToDelayedList)
    prvAddCurrentTaskToDelayedList           0x08004c45   Thumb Code    48  tasks.o(i.prvAddCurrentTaskToDelayedList)
    i.prvCheckTasksWaitingTermination        0x08004c78   Section        0  tasks.o(i.prvCheckTasksWaitingTermination)
    prvCheckTasksWaitingTermination          0x08004c79   Thumb Code    76  tasks.o(i.prvCheckTasksWaitingTermination)
    i.prvHeapInit                            0x08004ccc   Section        0  heap_4.o(i.prvHeapInit)
    prvHeapInit                              0x08004ccd   Thumb Code    66  heap_4.o(i.prvHeapInit)
    i.prvIdleTask                            0x08004d18   Section        0  tasks.o(i.prvIdleTask)
    prvIdleTask                              0x08004d19   Thumb Code    30  tasks.o(i.prvIdleTask)
    i.prvInsertBlockIntoFreeList             0x08004d40   Section        0  heap_4.o(i.prvInsertBlockIntoFreeList)
    prvInsertBlockIntoFreeList               0x08004d41   Thumb Code    72  heap_4.o(i.prvInsertBlockIntoFreeList)
    i.prvResetNextTaskUnblockTime            0x08004d8c   Section        0  tasks.o(i.prvResetNextTaskUnblockTime)
    prvResetNextTaskUnblockTime              0x08004d8d   Thumb Code    26  tasks.o(i.prvResetNextTaskUnblockTime)
    i.prvTaskExitError                       0x08004dac   Section        0  port.o(i.prvTaskExitError)
    prvTaskExitError                         0x08004dad   Thumb Code    36  port.o(i.prvTaskExitError)
    i.pvPortMalloc                           0x08004dd4   Section        0  heap_4.o(i.pvPortMalloc)
    i.pxPortInitialiseStack                  0x08004eac   Section        0  port.o(i.pxPortInitialiseStack)
    i.set_moto_current                       0x08004ed4   Section        0  bsp_can.o(i.set_moto_current)
    i.uxListRemove                           0x08004f22   Section        0  list.o(i.uxListRemove)
    i.vListInitialise                        0x08004f46   Section        0  list.o(i.vListInitialise)
    i.vListInitialiseItem                    0x08004f5c   Section        0  list.o(i.vListInitialiseItem)
    i.vListInsert                            0x08004f62   Section        0  list.o(i.vListInsert)
    i.vListInsertEnd                         0x08004f92   Section        0  list.o(i.vListInsertEnd)
    i.vPortEnterCritical                     0x08004fac   Section        0  port.o(i.vPortEnterCritical)
    i.vPortExitCritical                      0x08004fec   Section        0  port.o(i.vPortExitCritical)
    i.vPortFree                              0x08005014   Section        0  heap_4.o(i.vPortFree)
    i.vPortSetupTimerInterrupt               0x08005070   Section        0  port.o(i.vPortSetupTimerInterrupt)
    i.vTaskDelay                             0x08005090   Section        0  tasks.o(i.vTaskDelay)
    i.vTaskStartScheduler                    0x080050f8   Section        0  tasks.o(i.vTaskStartScheduler)
    i.vTaskSuspendAll                        0x08005160   Section        0  tasks.o(i.vTaskSuspendAll)
    i.vTaskSwitchContext                     0x08005170   Section        0  tasks.o(i.vTaskSwitchContext)
    i.xPortStartScheduler                    0x080051cc   Section        0  port.o(i.xPortStartScheduler)
    i.xPortSysTickHandler                    0x080052ac   Section        0  port.o(i.xPortSysTickHandler)
    i.xTaskGenericCreate                     0x080052d8   Section        0  tasks.o(i.xTaskGenericCreate)
    i.xTaskGetSchedulerState                 0x08005494   Section        0  tasks.o(i.xTaskGetSchedulerState)
    i.xTaskIncrementTick                     0x080054b0   Section        0  tasks.o(i.xTaskIncrementTick)
    i.xTaskResumeAll                         0x0800557c   Section        0  tasks.o(i.xTaskResumeAll)
    .constdata                               0x08005640   Section        8  stm32f4xx_hal_dma.o(.constdata)
    flagBitshiftOffset                       0x08005640   Data           8  stm32f4xx_hal_dma.o(.constdata)
    .constdata                               0x08005648   Section       16  stm32f4xx_hal_rcc.o(.constdata)
    .constdata                               0x08005658   Section       40  freertos.o(.constdata)
    .constdata                               0x08005680   Section      129  ctype_o.o(.constdata)
    .constdata                               0x08005704   Section        4  ctype_o.o(.constdata)
    table                                    0x08005704   Data           4  ctype_o.o(.constdata)
    .conststring                             0x08005708   Section       21  freertos.o(.conststring)
    .data                                    0x20000000   Section        4  stm32f4xx_hal.o(.data)
    .data                                    0x20000004   Section        4  system_stm32f4xx.o(.data)
    .data                                    0x20000008   Section       56  tasks.o(.data)
    uxTasksDeleted                           0x2000000c   Data           4  tasks.o(.data)
    uxCurrentNumberOfTasks                   0x20000010   Data           4  tasks.o(.data)
    xTickCount                               0x20000014   Data           4  tasks.o(.data)
    uxTopReadyPriority                       0x20000018   Data           4  tasks.o(.data)
    xSchedulerRunning                        0x2000001c   Data           4  tasks.o(.data)
    uxPendedTicks                            0x20000020   Data           4  tasks.o(.data)
    xYieldPending                            0x20000024   Data           4  tasks.o(.data)
    xNumOfOverflows                          0x20000028   Data           4  tasks.o(.data)
    uxTaskNumber                             0x2000002c   Data           4  tasks.o(.data)
    xNextTaskUnblockTime                     0x20000030   Data           4  tasks.o(.data)
    uxSchedulerSuspended                     0x20000034   Data           4  tasks.o(.data)
    pxDelayedTaskList                        0x20000038   Data           4  tasks.o(.data)
    pxOverflowDelayedTaskList                0x2000003c   Data           4  tasks.o(.data)
    .data                                    0x20000040   Section       12  port.o(.data)
    ucMaxSysCallPriority                     0x20000040   Data           1  port.o(.data)
    uxCriticalNesting                        0x20000044   Data           4  port.o(.data)
    ulMaxPRIGROUPValue                       0x20000048   Data           4  port.o(.data)
    .data                                    0x2000004c   Section       24  heap_4.o(.data)
    pxEnd                                    0x2000004c   Data           4  heap_4.o(.data)
    xFreeBytesRemaining                      0x20000050   Data           4  heap_4.o(.data)
    xMinimumEverFreeBytesRemaining           0x20000054   Data           4  heap_4.o(.data)
    xBlockAllocatedBit                       0x20000058   Data           4  heap_4.o(.data)
    xStart                                   0x2000005c   Data           8  heap_4.o(.data)
    .data                                    0x20000064   Section        6  usart.o(.data)
    .data                                    0x2000006c   Section        4  usart.o(.data)
    .data                                    0x20000070   Section       44  freertos.o(.data)
    start_time                               0x20000074   Data           4  freertos.o(.data)
    .data                                    0x2000009c   Section        4  can.o(.data)
    HAL_RCC_CAN1_CLK_ENABLED                 0x2000009c   Data           4  can.o(.data)
    .data                                    0x200000a0   Section       70  bsp_ps2.o(.data)
    .data                                    0x200000e8   Section        4  bsp_ps2.o(.data)
    .data                                    0x200000ec   Section        4  bsp_ps2.o(.data)
    .data                                    0x200000f0   Section        1  bsp_can.o(.data)
    i                                        0x200000f0   Data           1  bsp_can.o(.data)
    .data                                    0x200000f4   Section        4  errno.o(.data)
    _errno                                   0x200000f4   Data           4  errno.o(.data)
    .bss                                     0x200000f8   Section      240  tasks.o(.bss)
    pxReadyTasksLists                        0x200000f8   Data         140  tasks.o(.bss)
    xDelayedTaskList1                        0x20000184   Data          20  tasks.o(.bss)
    xDelayedTaskList2                        0x20000198   Data          20  tasks.o(.bss)
    xPendingReadyList                        0x200001ac   Data          20  tasks.o(.bss)
    xTasksWaitingTermination                 0x200001c0   Data          20  tasks.o(.bss)
    xSuspendedTaskList                       0x200001d4   Data          20  tasks.o(.bss)
    .bss                                     0x200001e8   Section    15360  heap_4.o(.bss)
    ucHeap                                   0x200001e8   Data       15360  heap_4.o(.bss)
    .bss                                     0x20003de8   Section      360  tim.o(.bss)
    .bss                                     0x20003f50   Section     1008  usart.o(.bss)
    .bss                                     0x20004340   Section       96  usart.o(.bss)
    .bss                                     0x200043a0   Section       16  freertos.o(.bss)
    .bss                                     0x200043b0   Section       60  stm32f4xx_hal_timebase_tim.o(.bss)
    .bss                                     0x200043ec   Section      128  can.o(.bss)
    .bss                                     0x2000446c   Section        9  bsp_ps2.o(.bss)
    .bss                                     0x20004478   Section      348  bsp_can.o(.bss)
    Tx1Message                               0x20004528   Data          28  bsp_can.o(.bss)
    Rx1Message                               0x20004544   Data          36  bsp_can.o(.bss)
    Tx2Message                               0x20004568   Data          28  bsp_can.o(.bss)
    Rx2Message                               0x20004584   Data          36  bsp_can.o(.bss)
    .bss                                     0x200045d4   Section      432  pid.o(.bss)
    STACK                                    0x20004788   Section     1024  startup_stm32f427xx.o(STACK)

    Global Symbols

    Symbol Name                              Value     Ov Type        Size  Object(Section)

    BuildAttributes$$THM_ISAv4$E$P$D$K$B$S$7EM$VFPi3$EXTD16$VFPS$VFMA$PE$A:L22UL41UL21$X:L11$S22US41US21$IEEE1$IW$USESV6$~STKCKD$USESV7$~SHL$OSPACE$ROPI$EBA8$MICROLIB$REQ8$PRES8$EABIv2 0x00000000   Number         0  anon$$obj.o ABSOLUTE
    __ARM_use_no_argv                        0x00000000   Number         0  main.o ABSOLUTE
    __use_no_errno                           0x00000000   Number         0  useno.o ABSOLUTE
    __use_no_exception_handling              0x00000000   Number         0  useno.o ABSOLUTE
    __use_no_fp                              0x00000000   Number         0  useno.o ABSOLUTE
    __use_no_heap                            0x00000000   Number         0  useno.o ABSOLUTE
    __use_no_heap_region                     0x00000000   Number         0  useno.o ABSOLUTE
    __use_no_semihosting                     0x00000000   Number         0  useno.o ABSOLUTE
    __use_no_semihosting_swi                 0x00000000   Number         0  useno.o ABSOLUTE
    __use_no_signal_handling                 0x00000000   Number         0  useno.o ABSOLUTE
    __arm_fini_                               - Undefined Weak Reference
    __cpp_initialize__aeabi_                  - Undefined Weak Reference
    __cxa_finalize                            - Undefined Weak Reference
    __decompress                              - Undefined Weak Reference
    _clock_init                               - Undefined Weak Reference
    _microlib_exit                            - Undefined Weak Reference
    __Vectors_Size                           0x000001ac   Number         0  startup_stm32f427xx.o ABSOLUTE
    __Vectors                                0x08000000   Data           4  startup_stm32f427xx.o(RESET)
    __Vectors_End                            0x080001ac   Data           0  startup_stm32f427xx.o(RESET)
    __main                                   0x080001ad   Thumb Code     0  entry.o(.ARM.Collect$$$$00000000)
    _main_stk                                0x080001ad   Thumb Code     0  entry2.o(.ARM.Collect$$$$00000001)
    _main_scatterload                        0x080001b1   Thumb Code     0  entry5.o(.ARM.Collect$$$$00000004)
    __main_after_scatterload                 0x080001b5   Thumb Code     0  entry5.o(.ARM.Collect$$$$00000004)
    _main_clock                              0x080001b5   Thumb Code     0  entry7b.o(.ARM.Collect$$$$00000008)
    _main_cpp_init                           0x080001b5   Thumb Code     0  entry8b.o(.ARM.Collect$$$$0000000A)
    _main_init                               0x080001b5   Thumb Code     0  entry9a.o(.ARM.Collect$$$$0000000B)
    __rt_lib_shutdown_fini                   0x080001bd   Thumb Code     0  entry12b.o(.ARM.Collect$$$$0000000E)
    __rt_final_cpp                           0x080001c1   Thumb Code     0  entry10a.o(.ARM.Collect$$$$0000000F)
    __rt_final_exit                          0x080001c1   Thumb Code     0  entry11a.o(.ARM.Collect$$$$00000011)
    SVC_Handler                              0x080001c5   Thumb Code    28  port.o(.emb_text)
    __asm___6_port_c_39a90d8d__prvStartFirstTask 0x080001e5   Thumb Code    28  port.o(.emb_text)
    __asm___6_port_c_39a90d8d__prvEnableVFP  0x08000205   Thumb Code    16  port.o(.emb_text)
    PendSV_Handler                           0x08000219   Thumb Code    92  port.o(.emb_text)
    vPortGetIPSR                             0x08000279   Thumb Code     6  port.o(.emb_text)
    Reset_Handler                            0x08000281   Thumb Code     8  startup_stm32f427xx.o(.text)
    ADC_IRQHandler                           0x0800029b   Thumb Code     0  startup_stm32f427xx.o(.text)
    CAN1_RX1_IRQHandler                      0x0800029b   Thumb Code     0  startup_stm32f427xx.o(.text)
    CAN1_SCE_IRQHandler                      0x0800029b   Thumb Code     0  startup_stm32f427xx.o(.text)
    CAN2_RX1_IRQHandler                      0x0800029b   Thumb Code     0  startup_stm32f427xx.o(.text)
    CAN2_SCE_IRQHandler                      0x0800029b   Thumb Code     0  startup_stm32f427xx.o(.text)
    DCMI_IRQHandler                          0x0800029b   Thumb Code     0  startup_stm32f427xx.o(.text)
    DMA1_Stream0_IRQHandler                  0x0800029b   Thumb Code     0  startup_stm32f427xx.o(.text)
    DMA1_Stream2_IRQHandler                  0x0800029b   Thumb Code     0  startup_stm32f427xx.o(.text)
    DMA1_Stream3_IRQHandler                  0x0800029b   Thumb Code     0  startup_stm32f427xx.o(.text)
    DMA1_Stream4_IRQHandler                  0x0800029b   Thumb Code     0  startup_stm32f427xx.o(.text)
    DMA1_Stream6_IRQHandler                  0x0800029b   Thumb Code     0  startup_stm32f427xx.o(.text)
    DMA1_Stream7_IRQHandler                  0x0800029b   Thumb Code     0  startup_stm32f427xx.o(.text)
    DMA2D_IRQHandler                         0x0800029b   Thumb Code     0  startup_stm32f427xx.o(.text)
    DMA2_Stream0_IRQHandler                  0x0800029b   Thumb Code     0  startup_stm32f427xx.o(.text)
    DMA2_Stream3_IRQHandler                  0x0800029b   Thumb Code     0  startup_stm32f427xx.o(.text)
    DMA2_Stream4_IRQHandler                  0x0800029b   Thumb Code     0  startup_stm32f427xx.o(.text)
    DMA2_Stream5_IRQHandler                  0x0800029b   Thumb Code     0  startup_stm32f427xx.o(.text)
    DMA2_Stream6_IRQHandler                  0x0800029b   Thumb Code     0  startup_stm32f427xx.o(.text)
    DMA2_Stream7_IRQHandler                  0x0800029b   Thumb Code     0  startup_stm32f427xx.o(.text)
    ETH_IRQHandler                           0x0800029b   Thumb Code     0  startup_stm32f427xx.o(.text)
    ETH_WKUP_IRQHandler                      0x0800029b   Thumb Code     0  startup_stm32f427xx.o(.text)
    EXTI0_IRQHandler                         0x0800029b   Thumb Code     0  startup_stm32f427xx.o(.text)
    EXTI15_10_IRQHandler                     0x0800029b   Thumb Code     0  startup_stm32f427xx.o(.text)
    EXTI1_IRQHandler                         0x0800029b   Thumb Code     0  startup_stm32f427xx.o(.text)
    EXTI2_IRQHandler                         0x0800029b   Thumb Code     0  startup_stm32f427xx.o(.text)
    EXTI3_IRQHandler                         0x0800029b   Thumb Code     0  startup_stm32f427xx.o(.text)
    EXTI4_IRQHandler                         0x0800029b   Thumb Code     0  startup_stm32f427xx.o(.text)
    EXTI9_5_IRQHandler                       0x0800029b   Thumb Code     0  startup_stm32f427xx.o(.text)
    FLASH_IRQHandler                         0x0800029b   Thumb Code     0  startup_stm32f427xx.o(.text)
    FMC_IRQHandler                           0x0800029b   Thumb Code     0  startup_stm32f427xx.o(.text)
    FPU_IRQHandler                           0x0800029b   Thumb Code     0  startup_stm32f427xx.o(.text)
    HASH_RNG_IRQHandler                      0x0800029b   Thumb Code     0  startup_stm32f427xx.o(.text)
    I2C1_ER_IRQHandler                       0x0800029b   Thumb Code     0  startup_stm32f427xx.o(.text)
    I2C1_EV_IRQHandler                       0x0800029b   Thumb Code     0  startup_stm32f427xx.o(.text)
    I2C2_ER_IRQHandler                       0x0800029b   Thumb Code     0  startup_stm32f427xx.o(.text)
    I2C2_EV_IRQHandler                       0x0800029b   Thumb Code     0  startup_stm32f427xx.o(.text)
    I2C3_ER_IRQHandler                       0x0800029b   Thumb Code     0  startup_stm32f427xx.o(.text)
    I2C3_EV_IRQHandler                       0x0800029b   Thumb Code     0  startup_stm32f427xx.o(.text)
    OTG_FS_IRQHandler                        0x0800029b   Thumb Code     0  startup_stm32f427xx.o(.text)
    OTG_FS_WKUP_IRQHandler                   0x0800029b   Thumb Code     0  startup_stm32f427xx.o(.text)
    OTG_HS_EP1_IN_IRQHandler                 0x0800029b   Thumb Code     0  startup_stm32f427xx.o(.text)
    OTG_HS_EP1_OUT_IRQHandler                0x0800029b   Thumb Code     0  startup_stm32f427xx.o(.text)
    OTG_HS_IRQHandler                        0x0800029b   Thumb Code     0  startup_stm32f427xx.o(.text)
    OTG_HS_WKUP_IRQHandler                   0x0800029b   Thumb Code     0  startup_stm32f427xx.o(.text)
    PVD_IRQHandler                           0x0800029b   Thumb Code     0  startup_stm32f427xx.o(.text)
    RCC_IRQHandler                           0x0800029b   Thumb Code     0  startup_stm32f427xx.o(.text)
    RTC_Alarm_IRQHandler                     0x0800029b   Thumb Code     0  startup_stm32f427xx.o(.text)
    RTC_WKUP_IRQHandler                      0x0800029b   Thumb Code     0  startup_stm32f427xx.o(.text)
    SAI1_IRQHandler                          0x0800029b   Thumb Code     0  startup_stm32f427xx.o(.text)
    SDIO_IRQHandler                          0x0800029b   Thumb Code     0  startup_stm32f427xx.o(.text)
    SPI1_IRQHandler                          0x0800029b   Thumb Code     0  startup_stm32f427xx.o(.text)
    SPI2_IRQHandler                          0x0800029b   Thumb Code     0  startup_stm32f427xx.o(.text)
    SPI3_IRQHandler                          0x0800029b   Thumb Code     0  startup_stm32f427xx.o(.text)
    SPI4_IRQHandler                          0x0800029b   Thumb Code     0  startup_stm32f427xx.o(.text)
    SPI5_IRQHandler                          0x0800029b   Thumb Code     0  startup_stm32f427xx.o(.text)
    SPI6_IRQHandler                          0x0800029b   Thumb Code     0  startup_stm32f427xx.o(.text)
    TAMP_STAMP_IRQHandler                    0x0800029b   Thumb Code     0  startup_stm32f427xx.o(.text)
    TIM1_BRK_TIM9_IRQHandler                 0x0800029b   Thumb Code     0  startup_stm32f427xx.o(.text)
    TIM1_CC_IRQHandler                       0x0800029b   Thumb Code     0  startup_stm32f427xx.o(.text)
    TIM1_TRG_COM_TIM11_IRQHandler            0x0800029b   Thumb Code     0  startup_stm32f427xx.o(.text)
    TIM1_UP_TIM10_IRQHandler                 0x0800029b   Thumb Code     0  startup_stm32f427xx.o(.text)
    TIM3_IRQHandler                          0x0800029b   Thumb Code     0  startup_stm32f427xx.o(.text)
    TIM4_IRQHandler                          0x0800029b   Thumb Code     0  startup_stm32f427xx.o(.text)
    TIM7_IRQHandler                          0x0800029b   Thumb Code     0  startup_stm32f427xx.o(.text)
    TIM8_BRK_TIM12_IRQHandler                0x0800029b   Thumb Code     0  startup_stm32f427xx.o(.text)
    TIM8_TRG_COM_TIM14_IRQHandler            0x0800029b   Thumb Code     0  startup_stm32f427xx.o(.text)
    TIM8_UP_TIM13_IRQHandler                 0x0800029b   Thumb Code     0  startup_stm32f427xx.o(.text)
    UART4_IRQHandler                         0x0800029b   Thumb Code     0  startup_stm32f427xx.o(.text)
    UART5_IRQHandler                         0x0800029b   Thumb Code     0  startup_stm32f427xx.o(.text)
    UART7_IRQHandler                         0x0800029b   Thumb Code     0  startup_stm32f427xx.o(.text)
    UART8_IRQHandler                         0x0800029b   Thumb Code     0  startup_stm32f427xx.o(.text)
    WWDG_IRQHandler                          0x0800029b   Thumb Code     0  startup_stm32f427xx.o(.text)
    __aeabi_memcpy                           0x080002a5   Thumb Code    36  memcpya.o(.text)
    __aeabi_memcpy4                          0x080002a5   Thumb Code     0  memcpya.o(.text)
    __aeabi_memcpy8                          0x080002a5   Thumb Code     0  memcpya.o(.text)
    __aeabi_memset                           0x080002c9   Thumb Code    14  memseta.o(.text)
    __aeabi_memset4                          0x080002c9   Thumb Code     0  memseta.o(.text)
    __aeabi_memset8                          0x080002c9   Thumb Code     0  memseta.o(.text)
    __aeabi_memclr                           0x080002d7   Thumb Code     4  memseta.o(.text)
    __aeabi_memclr4                          0x080002d7   Thumb Code     0  memseta.o(.text)
    __aeabi_memclr8                          0x080002d7   Thumb Code     0  memseta.o(.text)
    _memset$wrapper                          0x080002db   Thumb Code    18  memseta.o(.text)
    atoi                                     0x080002ed   Thumb Code    26  atoi.o(.text)
    strtol                                   0x08000307   Thumb Code   112  strtol.o(.text)
    __scatterload                            0x08000379   Thumb Code    28  init.o(.text)
    __scatterload_rt2                        0x08000379   Thumb Code     0  init.o(.text)
    __rt_ctype_table                         0x0800039d   Thumb Code     4  ctype_o.o(.text)
    _strtoul                                 0x080003a5   Thumb Code   158  _strtoul.o(.text)
    _chval                                   0x08000443   Thumb Code    28  _chval.o(.text)
    BusFault_Handler                         0x0800045f   Thumb Code     2  stm32f4xx_it.o(i.BusFault_Handler)
    CAN1_RX0_IRQHandler                      0x08000461   Thumb Code     6  stm32f4xx_it.o(i.CAN1_RX0_IRQHandler)
    CAN1_TX_IRQHandler                       0x0800046d   Thumb Code     6  stm32f4xx_it.o(i.CAN1_TX_IRQHandler)
    CAN2_RX0_IRQHandler                      0x08000479   Thumb Code     6  stm32f4xx_it.o(i.CAN2_RX0_IRQHandler)
    CAN2_TX_IRQHandler                       0x08000485   Thumb Code     6  stm32f4xx_it.o(i.CAN2_TX_IRQHandler)
    DMA1_Stream1_IRQHandler                  0x08000619   Thumb Code     6  stm32f4xx_it.o(i.DMA1_Stream1_IRQHandler)
    DMA1_Stream5_IRQHandler                  0x08000625   Thumb Code     6  stm32f4xx_it.o(i.DMA1_Stream5_IRQHandler)
    DMA2_Stream1_IRQHandler                  0x08000631   Thumb Code     6  stm32f4xx_it.o(i.DMA2_Stream1_IRQHandler)
    DMA2_Stream2_IRQHandler                  0x0800063d   Thumb Code     6  stm32f4xx_it.o(i.DMA2_Stream2_IRQHandler)
    DebugMon_Handler                         0x080006c5   Thumb Code     2  stm32f4xx_it.o(i.DebugMon_Handler)
    Error_Handler                            0x080006c7   Thumb Code     2  main.o(i.Error_Handler)
    HAL_CAN_ConfigFilter                     0x080006c9   Thumb Code   218  stm32f4xx_hal_can.o(i.HAL_CAN_ConfigFilter)
    HAL_CAN_ErrorCallback                    0x080007ad   Thumb Code     2  stm32f4xx_hal_can.o(i.HAL_CAN_ErrorCallback)
    HAL_CAN_IRQHandler                       0x080007b1   Thumb Code   370  stm32f4xx_hal_can.o(i.HAL_CAN_IRQHandler)
    HAL_CAN_Init                             0x08000931   Thumb Code   328  stm32f4xx_hal_can.o(i.HAL_CAN_Init)
    HAL_CAN_MspInit                          0x08000a79   Thumb Code   200  can.o(i.HAL_CAN_MspInit)
    HAL_CAN_Receive_IT                       0x08000b59   Thumb Code   134  stm32f4xx_hal_can.o(i.HAL_CAN_Receive_IT)
    HAL_CAN_RxCpltCallback                   0x08000be1   Thumb Code   106  bsp_can.o(i.HAL_CAN_RxCpltCallback)
    HAL_CAN_Transmit                         0x08000c61   Thumb Code   410  stm32f4xx_hal_can.o(i.HAL_CAN_Transmit)
    HAL_CAN_TxCpltCallback                   0x08000e09   Thumb Code     2  stm32f4xx_hal_can.o(i.HAL_CAN_TxCpltCallback)
    HAL_DMA_Abort_IT                         0x08000e0b   Thumb Code    36  stm32f4xx_hal_dma.o(i.HAL_DMA_Abort_IT)
    HAL_DMA_IRQHandler                       0x08000e31   Thumb Code   414  stm32f4xx_hal_dma.o(i.HAL_DMA_IRQHandler)
    HAL_DMA_Init                             0x08000fd9   Thumb Code   202  stm32f4xx_hal_dma.o(i.HAL_DMA_Init)
    HAL_Delay                                0x080010a9   Thumb Code    22  stm32f4xx_hal.o(i.HAL_Delay)
    HAL_GPIO_Init                            0x080010c1   Thumb Code   408  stm32f4xx_hal_gpio.o(i.HAL_GPIO_Init)
    HAL_GPIO_ReadPin                         0x0800128d   Thumb Code    10  stm32f4xx_hal_gpio.o(i.HAL_GPIO_ReadPin)
    HAL_GPIO_WritePin                        0x08001297   Thumb Code    10  stm32f4xx_hal_gpio.o(i.HAL_GPIO_WritePin)
    HAL_GetTick                              0x080012a1   Thumb Code     6  stm32f4xx_hal.o(i.HAL_GetTick)
    HAL_IncTick                              0x080012ad   Thumb Code    10  stm32f4xx_hal.o(i.HAL_IncTick)
    HAL_Init                                 0x080012bd   Thumb Code    48  stm32f4xx_hal.o(i.HAL_Init)
    HAL_InitTick                             0x080012f1   Thumb Code   100  stm32f4xx_hal_timebase_tim.o(i.HAL_InitTick)
    HAL_MspInit                              0x08001365   Thumb Code    88  stm32f4xx_hal_msp.o(i.HAL_MspInit)
    HAL_NVIC_EnableIRQ                       0x080013bd   Thumb Code    22  stm32f4xx_hal_cortex.o(i.HAL_NVIC_EnableIRQ)
    HAL_NVIC_SetPriority                     0x080013d5   Thumb Code    60  stm32f4xx_hal_cortex.o(i.HAL_NVIC_SetPriority)
    HAL_NVIC_SetPriorityGrouping             0x08001415   Thumb Code    26  stm32f4xx_hal_cortex.o(i.HAL_NVIC_SetPriorityGrouping)
    HAL_PWREx_EnableOverDrive                0x08001439   Thumb Code   126  stm32f4xx_hal_pwr_ex.o(i.HAL_PWREx_EnableOverDrive)
    HAL_RCC_ClockConfig                      0x080014c5   Thumb Code   364  stm32f4xx_hal_rcc.o(i.HAL_RCC_ClockConfig)
    HAL_RCC_GetClockConfig                   0x08001641   Thumb Code    54  stm32f4xx_hal_rcc.o(i.HAL_RCC_GetClockConfig)
    HAL_RCC_GetHCLKFreq                      0x08001681   Thumb Code     6  stm32f4xx_hal_rcc.o(i.HAL_RCC_GetHCLKFreq)
    HAL_RCC_GetPCLK1Freq                     0x0800168d   Thumb Code    34  stm32f4xx_hal_rcc.o(i.HAL_RCC_GetPCLK1Freq)
    HAL_RCC_GetPCLK2Freq                     0x080016bd   Thumb Code    34  stm32f4xx_hal_rcc.o(i.HAL_RCC_GetPCLK2Freq)
    HAL_RCC_GetSysClockFreq                  0x080016ed   Thumb Code   104  stm32f4xx_hal_rcc.o(i.HAL_RCC_GetSysClockFreq)
    HAL_RCC_OscConfig                        0x08001761   Thumb Code   722  stm32f4xx_hal_rcc.o(i.HAL_RCC_OscConfig)
    HAL_SYSTICK_CLKSourceConfig              0x08001a45   Thumb Code    24  stm32f4xx_hal_cortex.o(i.HAL_SYSTICK_CLKSourceConfig)
    HAL_SYSTICK_Config                       0x08001a5d   Thumb Code    40  stm32f4xx_hal_cortex.o(i.HAL_SYSTICK_Config)
    HAL_TIMEx_BreakCallback                  0x08001a85   Thumb Code     2  stm32f4xx_hal_tim_ex.o(i.HAL_TIMEx_BreakCallback)
    HAL_TIMEx_CommutationCallback            0x08001a87   Thumb Code     2  stm32f4xx_hal_tim_ex.o(i.HAL_TIMEx_CommutationCallback)
    HAL_TIMEx_MasterConfigSynchronization    0x08001a89   Thumb Code    80  stm32f4xx_hal_tim_ex.o(i.HAL_TIMEx_MasterConfigSynchronization)
    HAL_TIM_Base_Init                        0x08001ad9   Thumb Code    54  stm32f4xx_hal_tim.o(i.HAL_TIM_Base_Init)
    HAL_TIM_Base_MspInit                     0x08001b11   Thumb Code   126  tim.o(i.HAL_TIM_Base_MspInit)
    HAL_TIM_Base_Start_IT                    0x08001b9d   Thumb Code    24  stm32f4xx_hal_tim.o(i.HAL_TIM_Base_Start_IT)
    HAL_TIM_ConfigClockSource                0x08001bb5   Thumb Code   242  stm32f4xx_hal_tim.o(i.HAL_TIM_ConfigClockSource)
    HAL_TIM_IC_CaptureCallback               0x08001ca9   Thumb Code    40  freertos.o(i.HAL_TIM_IC_CaptureCallback)
    HAL_TIM_IC_ConfigChannel                 0x08001ce5   Thumb Code   286  stm32f4xx_hal_tim.o(i.HAL_TIM_IC_ConfigChannel)
    HAL_TIM_IC_Init                          0x08001e03   Thumb Code    54  stm32f4xx_hal_tim.o(i.HAL_TIM_IC_Init)
    HAL_TIM_IC_MspInit                       0x08001e39   Thumb Code     2  stm32f4xx_hal_tim.o(i.HAL_TIM_IC_MspInit)
    HAL_TIM_IC_Start_IT                      0x08001e3b   Thumb Code    76  stm32f4xx_hal_tim.o(i.HAL_TIM_IC_Start_IT)
    HAL_TIM_IC_Stop_IT                       0x08001e87   Thumb Code    94  stm32f4xx_hal_tim.o(i.HAL_TIM_IC_Stop_IT)
    HAL_TIM_IRQHandler                       0x08001ee5   Thumb Code   358  stm32f4xx_hal_tim.o(i.HAL_TIM_IRQHandler)
    HAL_TIM_MspPostInit                      0x0800204d   Thumb Code   188  tim.o(i.HAL_TIM_MspPostInit)
    HAL_TIM_OC_ConfigChannel                 0x08002131   Thumb Code    86  stm32f4xx_hal_tim.o(i.HAL_TIM_OC_ConfigChannel)
    HAL_TIM_OC_DelayElapsedCallback          0x08002187   Thumb Code     2  stm32f4xx_hal_tim.o(i.HAL_TIM_OC_DelayElapsedCallback)
    HAL_TIM_OC_Init                          0x08002189   Thumb Code    54  stm32f4xx_hal_tim.o(i.HAL_TIM_OC_Init)
    HAL_TIM_OC_MspInit                       0x080021bf   Thumb Code     2  stm32f4xx_hal_tim.o(i.HAL_TIM_OC_MspInit)
    HAL_TIM_PWM_ConfigChannel                0x080021c1   Thumb Code   208  stm32f4xx_hal_tim.o(i.HAL_TIM_PWM_ConfigChannel)
    HAL_TIM_PWM_Init                         0x08002291   Thumb Code    54  stm32f4xx_hal_tim.o(i.HAL_TIM_PWM_Init)
    HAL_TIM_PWM_MspInit                      0x080022c9   Thumb Code   108  tim.o(i.HAL_TIM_PWM_MspInit)
    HAL_TIM_PWM_PulseFinishedCallback        0x0800234d   Thumb Code     2  stm32f4xx_hal_tim.o(i.HAL_TIM_PWM_PulseFinishedCallback)
    HAL_TIM_PWM_Start                        0x08002351   Thumb Code    48  stm32f4xx_hal_tim.o(i.HAL_TIM_PWM_Start)
    HAL_TIM_PeriodElapsedCallback            0x08002389   Thumb Code    14  main.o(i.HAL_TIM_PeriodElapsedCallback)
    HAL_TIM_TriggerCallback                  0x0800239d   Thumb Code     2  stm32f4xx_hal_tim.o(i.HAL_TIM_TriggerCallback)
    HAL_UART_ErrorCallback                   0x0800239f   Thumb Code     2  stm32f4xx_hal_uart.o(i.HAL_UART_ErrorCallback)
    HAL_UART_IRQHandler                      0x080023a1   Thumb Code   266  stm32f4xx_hal_uart.o(i.HAL_UART_IRQHandler)
    HAL_UART_Init                            0x080024b1   Thumb Code    98  stm32f4xx_hal_uart.o(i.HAL_UART_Init)
    HAL_UART_MspInit                         0x08002515   Thumb Code   496  usart.o(i.HAL_UART_MspInit)
    HAL_UART_Receive_IT                      0x08002739   Thumb Code    72  stm32f4xx_hal_uart.o(i.HAL_UART_Receive_IT)
    HAL_UART_RxCpltCallback                  0x08002781   Thumb Code   192  usart.o(i.HAL_UART_RxCpltCallback)
    HAL_UART_Transmit                        0x08002855   Thumb Code   186  stm32f4xx_hal_uart.o(i.HAL_UART_Transmit)
    HAL_UART_TxCpltCallback                  0x0800290f   Thumb Code     2  stm32f4xx_hal_uart.o(i.HAL_UART_TxCpltCallback)
    HardFault_Handler                        0x08002911   Thumb Code     2  stm32f4xx_it.o(i.HardFault_Handler)
    MX_CAN1_Init                             0x08002915   Thumb Code    60  can.o(i.MX_CAN1_Init)
    MX_DMA_Init                              0x08002959   Thumb Code   104  dma.o(i.MX_DMA_Init)
    MX_FREERTOS_Init                         0x080029c5   Thumb Code    52  freertos.o(i.MX_FREERTOS_Init)
    MX_GPIO_Init                             0x08002a01   Thumb Code   518  gpio.o(i.MX_GPIO_Init)
    MX_TIM2_Init                             0x08002c2d   Thumb Code   220  tim.o(i.MX_TIM2_Init)
    MX_TIM4_Init                             0x08002d0d   Thumb Code   154  tim.o(i.MX_TIM4_Init)
    MX_TIM5_Init                             0x08002db1   Thumb Code   218  tim.o(i.MX_TIM5_Init)
    MX_TIM8_Init                             0x08002e95   Thumb Code   228  tim.o(i.MX_TIM8_Init)
    MX_UART7_UART_Init                       0x08002f81   Thumb Code    48  usart.o(i.MX_UART7_UART_Init)
    MX_USART6_UART_Init                      0x08002fb9   Thumb Code    48  usart.o(i.MX_USART6_UART_Init)
    MemManage_Handler                        0x08002ff1   Thumb Code     2  stm32f4xx_it.o(i.MemManage_Handler)
    NMI_Handler                              0x08002ff3   Thumb Code     2  stm32f4xx_it.o(i.NMI_Handler)
    PID_struct_init                          0x08003015   Thumb Code    16  pid.o(i.PID_struct_init)
    PS2_ClearData                            0x0800302d   Thumb Code    18  bsp_ps2.o(i.PS2_ClearData)
    PS2_DataKey                              0x08003045   Thumb Code   106  bsp_ps2.o(i.PS2_DataKey)
    PS2_Init                                 0x080030bd   Thumb Code   158  bsp_ps2.o(i.PS2_Init)
    PS2_ReadData                             0x08003169   Thumb Code   126  bsp_ps2.o(i.PS2_ReadData)
    StartTask01                              0x080031f1   Thumb Code   362  freertos.o(i.StartTask01)
    StartTask02                              0x08003391   Thumb Code  2042  freertos.o(i.StartTask02)
    SysTick_Handler                          0x08003bad   Thumb Code     4  stm32f4xx_it.o(i.SysTick_Handler)
    SystemClock_Config                       0x08003bb1   Thumb Code   156  main.o(i.SystemClock_Config)
    SystemInit                               0x08003c55   Thumb Code    66  system_stm32f4xx.o(i.SystemInit)
    TIM2_IRQHandler                          0x08003ca9   Thumb Code     6  stm32f4xx_it.o(i.TIM2_IRQHandler)
    TIM5_IRQHandler                          0x08003cb5   Thumb Code     6  stm32f4xx_it.o(i.TIM5_IRQHandler)
    TIM6_DAC_IRQHandler                      0x08003cc1   Thumb Code     6  stm32f4xx_it.o(i.TIM6_DAC_IRQHandler)
    TIM8_CC_IRQHandler                       0x08003ccd   Thumb Code     6  stm32f4xx_it.o(i.TIM8_CC_IRQHandler)
    TIM_Base_SetConfig                       0x08003cd9   Thumb Code   148  stm32f4xx_hal_tim.o(i.TIM_Base_SetConfig)
    TIM_CCxChannelCmd                        0x08003d99   Thumb Code    22  stm32f4xx_hal_tim.o(i.TIM_CCxChannelCmd)
    TIM_OC2_SetConfig                        0x08003e2d   Thumb Code    90  stm32f4xx_hal_tim.o(i.TIM_OC2_SetConfig)
    TIM_TI1_SetConfig                        0x08003f65   Thumb Code   104  stm32f4xx_hal_tim.o(i.TIM_TI1_SetConfig)
    USART1_IRQHandler                        0x08004471   Thumb Code     6  stm32f4xx_it.o(i.USART1_IRQHandler)
    USART2_IRQHandler                        0x0800447d   Thumb Code     6  stm32f4xx_it.o(i.USART2_IRQHandler)
    USART3_IRQHandler                        0x08004489   Thumb Code     6  stm32f4xx_it.o(i.USART3_IRQHandler)
    USART6_IRQHandler                        0x08004495   Thumb Code     6  stm32f4xx_it.o(i.USART6_IRQHandler)
    UsageFault_Handler                       0x080044a1   Thumb Code     2  stm32f4xx_it.o(i.UsageFault_Handler)
    __0printf$bare                           0x080044a5   Thumb Code     8  printfb.o(i.__0printf$bare)
    __1printf$bare                           0x080044a5   Thumb Code     0  printfb.o(i.__0printf$bare)
    __2printf                                0x080044a5   Thumb Code     0  printfb.o(i.__0printf$bare)
    __aeabi_errno_addr                       0x080044b5   Thumb Code     4  errno.o(i.__aeabi_errno_addr)
    __rt_errno_addr                          0x080044b5   Thumb Code     0  errno.o(i.__aeabi_errno_addr)
    __scatterload_copy                       0x080044bd   Thumb Code    14  handlers.o(i.__scatterload_copy)
    __scatterload_null                       0x080044cb   Thumb Code     2  handlers.o(i.__scatterload_null)
    __scatterload_zeroinit                   0x080044cd   Thumb Code    14  handlers.o(i.__scatterload_zeroinit)
    abs_limit                                0x080044fd   Thumb Code    42  pid.o(i.abs_limit)
    app_ps2_deal                             0x08004529   Thumb Code   528  bsp_ps2.o(i.app_ps2_deal)
    delay_1us                                0x0800481d   Thumb Code    22  bsp_ps2.o(i.delay_1us)
    duoji_smooth                             0x08004839   Thumb Code   106  freertos.o(i.duoji_smooth)
    fputc                                    0x080048ad   Thumb Code    18  usart.o(i.fputc)
    get_moto_measure                         0x080048c5   Thumb Code    84  bsp_can.o(i.get_moto_measure)
    get_moto_offset                          0x08004919   Thumb Code    12  bsp_can.o(i.get_moto_offset)
    main                                     0x08004925   Thumb Code    84  main.o(i.main)
    my_can_filter_init_recv_all              0x080049a9   Thumb Code    84  bsp_can.o(i.my_can_filter_init_recv_all)
    osDelay                                  0x08004a09   Thumb Code    14  cmsis_os.o(i.osDelay)
    osKernelStart                            0x08004a17   Thumb Code    10  cmsis_os.o(i.osKernelStart)
    osSystickHandler                         0x08004a21   Thumb Code    20  cmsis_os.o(i.osSystickHandler)
    osThreadCreate                           0x08004a35   Thumb Code    56  cmsis_os.o(i.osThreadCreate)
    pid_calc                                 0x08004a6d   Thumb Code   448  pid.o(i.pid_calc)
    pvPortMalloc                             0x08004dd5   Thumb Code   210  heap_4.o(i.pvPortMalloc)
    pxPortInitialiseStack                    0x08004ead   Thumb Code    36  port.o(i.pxPortInitialiseStack)
    set_moto_current                         0x08004ed5   Thumb Code    78  bsp_can.o(i.set_moto_current)
    uxListRemove                             0x08004f23   Thumb Code    36  list.o(i.uxListRemove)
    vListInitialise                          0x08004f47   Thumb Code    22  list.o(i.vListInitialise)
    vListInitialiseItem                      0x08004f5d   Thumb Code     6  list.o(i.vListInitialiseItem)
    vListInsert                              0x08004f63   Thumb Code    48  list.o(i.vListInsert)
    vListInsertEnd                           0x08004f93   Thumb Code    24  list.o(i.vListInsertEnd)
    vPortEnterCritical                       0x08004fad   Thumb Code    54  port.o(i.vPortEnterCritical)
    vPortExitCritical                        0x08004fed   Thumb Code    34  port.o(i.vPortExitCritical)
    vPortFree                                0x08005015   Thumb Code    88  heap_4.o(i.vPortFree)
    vPortSetupTimerInterrupt                 0x08005071   Thumb Code    26  port.o(i.vPortSetupTimerInterrupt)
    vTaskDelay                               0x08005091   Thumb Code    94  tasks.o(i.vTaskDelay)
    vTaskStartScheduler                      0x080050f9   Thumb Code    86  tasks.o(i.vTaskStartScheduler)
    vTaskSuspendAll                          0x08005161   Thumb Code    10  tasks.o(i.vTaskSuspendAll)
    vTaskSwitchContext                       0x08005171   Thumb Code    82  tasks.o(i.vTaskSwitchContext)
    xPortStartScheduler                      0x080051cd   Thumb Code   202  port.o(i.xPortStartScheduler)
    xPortSysTickHandler                      0x080052ad   Thumb Code    38  port.o(i.xPortSysTickHandler)
    xTaskGenericCreate                       0x080052d9   Thumb Code   430  tasks.o(i.xTaskGenericCreate)
    xTaskGetSchedulerState                   0x08005495   Thumb Code    22  tasks.o(i.xTaskGetSchedulerState)
    xTaskIncrementTick                       0x080054b1   Thumb Code   194  tasks.o(i.xTaskIncrementTick)
    xTaskResumeAll                           0x0800557d   Thumb Code   182  tasks.o(i.xTaskResumeAll)
    APBAHBPrescTable                         0x08005648   Data          16  stm32f4xx_hal_rcc.o(.constdata)
    __ctype_table                            0x08005680   Data         129  ctype_o.o(.constdata)
    Region$$Table$$Base                      0x08005720   Number         0  anon$$obj.o(Region$$Table)
    Region$$Table$$Limit                     0x08005740   Number         0  anon$$obj.o(Region$$Table)
    uwTick                                   0x20000000   Data           4  stm32f4xx_hal.o(.data)
    SystemCoreClock                          0x20000004   Data           4  system_stm32f4xx.o(.data)
    pxCurrentTCB                             0x20000008   Data           4  tasks.o(.data)
    g_rx_buffer                              0x20000064   Data           1  usart.o(.data)
    g_rx_buffer2                             0x20000065   Data           1  usart.o(.data)
    g_usart_rx_sta                           0x20000066   Data           2  usart.o(.data)
    g_usart_rx_sta2                          0x20000068   Data           2  usart.o(.data)
    __stdout                                 0x2000006c   Data           4  usart.o(.data)
    len                                      0x20000070   Data           1  freertos.o(.data)
    stop_time                                0x20000078   Data           4  freertos.o(.data)
    trash_type                               0x2000007c   Data           4  freertos.o(.data)
    dianji_flag                              0x20000080   Data           4  freertos.o(.data)
    currentPosition_D                        0x20000084   Data           4  freertos.o(.data)
    currentPosition_L                        0x20000088   Data           4  freertos.o(.data)
    increment                                0x2000008c   Data           4  freertos.o(.data)
    delayTime                                0x20000090   Data           4  freertos.o(.data)
    Task01Handle                             0x20000094   Data           4  freertos.o(.data)
    Task02Handle                             0x20000098   Data           4  freertos.o(.data)
    Handkey                                  0x200000a0   Data           2  bsp_ps2.o(.data)
    key_cnt_L1                               0x200000a4   Data           4  bsp_ps2.o(.data)
    key_cnt_L2                               0x200000a8   Data           4  bsp_ps2.o(.data)
    key_cnt_R1                               0x200000ac   Data           4  bsp_ps2.o(.data)
    key_cnt_R2                               0x200000b0   Data           4  bsp_ps2.o(.data)
    key_cnt_add                              0x200000b4   Data           4  bsp_ps2.o(.data)
    key_cnt_del                              0x200000b8   Data           4  bsp_ps2.o(.data)
    scan                                     0x200000bc   Data           9  bsp_ps2.o(.data)
    MASK                                     0x200000c6   Data          32  bsp_ps2.o(.data)
    key_sta                                  0x200000e8   Data           4  bsp_ps2.o(.data)
    key_cnt                                  0x200000ec   Data           4  bsp_ps2.o(.data)
    htim2                                    0x20003de8   Data          60  tim.o(.bss)
    htim3                                    0x20003e24   Data          60  tim.o(.bss)
    htim4                                    0x20003e60   Data          60  tim.o(.bss)
    htim5                                    0x20003e9c   Data          60  tim.o(.bss)
    htim8                                    0x20003ed8   Data          60  tim.o(.bss)
    htim12                                   0x20003f14   Data          60  tim.o(.bss)
    g_usart_rx_buf                           0x20003f50   Data         200  usart.o(.bss)
    g_usart_rx_buf2                          0x20004018   Data         200  usart.o(.bss)
    huart1                                   0x200040e0   Data          64  usart.o(.bss)
    huart2                                   0x20004120   Data          64  usart.o(.bss)
    huart3                                   0x20004160   Data          64  usart.o(.bss)
    huart6                                   0x200041a0   Data          64  usart.o(.bss)
    huart7                                   0x200041e0   Data          64  usart.o(.bss)
    hdma_usart1_rx                           0x20004220   Data          96  usart.o(.bss)
    hdma_usart2_rx                           0x20004280   Data          96  usart.o(.bss)
    hdma_usart3_rx                           0x200042e0   Data          96  usart.o(.bss)
    hdma_usart6_rx                           0x20004340   Data          96  usart.o(.bss)
    set_spd                                  0x200043a0   Data          16  freertos.o(.bss)
    htim6                                    0x200043b0   Data          60  stm32f4xx_hal_timebase_tim.o(.bss)
    hcan1                                    0x200043ec   Data          64  can.o(.bss)
    hcan2                                    0x2000442c   Data          64  can.o(.bss)
    Data                                     0x2000446c   Data           9  bsp_ps2.o(.bss)
    moto_chassis                             0x20004478   Data         176  bsp_can.o(.bss)
    moto_info                                0x200045a8   Data          44  bsp_can.o(.bss)
    pid_spd                                  0x200045d4   Data         432  pid.o(.bss)
    __initial_sp                             0x20004b88   Data           0  startup_stm32f427xx.o(STACK)



==============================================================================

Memory Map of the image

  Image Entry point : 0x080001ad

  Load Region LR_IROM1 (Base: 0x08000000, Size: 0x00005838, Max: 0x00200000, ABSOLUTE)

    Execution Region ER_IROM1 (Exec base: 0x08000000, Load base: 0x08000000, Size: 0x00005740, Max: 0x00200000, ABSOLUTE)

    Exec Addr    Load Addr    Size         Type   Attr      Idx    E Section Name        Object

    0x08000000   0x08000000   0x000001ac   Data   RO         3816    RESET               startup_stm32f427xx.o
    0x080001ac   0x080001ac   0x00000000   Code   RO         4766  * .ARM.Collect$$$$00000000  mc_w.l(entry.o)
    0x080001ac   0x080001ac   0x00000004   Code   RO         5037    .ARM.Collect$$$$00000001  mc_w.l(entry2.o)
    0x080001b0   0x080001b0   0x00000004   Code   RO         5040    .ARM.Collect$$$$00000004  mc_w.l(entry5.o)
    0x080001b4   0x080001b4   0x00000000   Code   RO         5042    .ARM.Collect$$$$00000008  mc_w.l(entry7b.o)
    0x080001b4   0x080001b4   0x00000000   Code   RO         5044    .ARM.Collect$$$$0000000A  mc_w.l(entry8b.o)
    0x080001b4   0x080001b4   0x00000008   Code   RO         5045    .ARM.Collect$$$$0000000B  mc_w.l(entry9a.o)
    0x080001bc   0x080001bc   0x00000004   Code   RO         5052    .ARM.Collect$$$$0000000E  mc_w.l(entry12b.o)
    0x080001c0   0x080001c0   0x00000000   Code   RO         5047    .ARM.Collect$$$$0000000F  mc_w.l(entry10a.o)
    0x080001c0   0x080001c0   0x00000000   Code   RO         5049    .ARM.Collect$$$$00000011  mc_w.l(entry11a.o)
    0x080001c0   0x080001c0   0x00000004   Code   RO         5038    .ARM.Collect$$$$00002712  mc_w.l(entry2.o)
    0x080001c4   0x080001c4   0x000000ba   Code   RO         3691    .emb_text           port.o
    0x0800027e   0x0800027e   0x00000002   PAD
    0x08000280   0x08000280   0x00000024   Code   RO         3817    .text               startup_stm32f427xx.o
    0x080002a4   0x080002a4   0x00000024   Code   RO         4769    .text               mc_w.l(memcpya.o)
    0x080002c8   0x080002c8   0x00000024   Code   RO         4771    .text               mc_w.l(memseta.o)
    0x080002ec   0x080002ec   0x0000001a   Code   RO         5035    .text               mc_w.l(atoi.o)
    0x08000306   0x08000306   0x00000070   Code   RO         5064    .text               mc_w.l(strtol.o)
    0x08000376   0x08000376   0x00000002   PAD
    0x08000378   0x08000378   0x00000024   Code   RO         5077    .text               mc_w.l(init.o)
    0x0800039c   0x0800039c   0x00000008   Code   RO         5085    .text               mc_w.l(ctype_o.o)
    0x080003a4   0x080003a4   0x0000009e   Code   RO         5113    .text               mc_w.l(_strtoul.o)
    0x08000442   0x08000442   0x0000001c   Code   RO         5117    .text               mc_w.l(_chval.o)
    0x0800045e   0x0800045e   0x00000002   Code   RO         4327    i.BusFault_Handler  stm32f4xx_it.o
    0x08000460   0x08000460   0x0000000c   Code   RO         4328    i.CAN1_RX0_IRQHandler  stm32f4xx_it.o
    0x0800046c   0x0800046c   0x0000000c   Code   RO         4329    i.CAN1_TX_IRQHandler  stm32f4xx_it.o
    0x08000478   0x08000478   0x0000000c   Code   RO         4330    i.CAN2_RX0_IRQHandler  stm32f4xx_it.o
    0x08000484   0x08000484   0x0000000c   Code   RO         4331    i.CAN2_TX_IRQHandler  stm32f4xx_it.o
    0x08000490   0x08000490   0x00000128   Code   RO            4    i.CAN_Receive_IT    stm32f4xx_hal_can.o
    0x080005b8   0x080005b8   0x00000060   Code   RO            5    i.CAN_Transmit_IT   stm32f4xx_hal_can.o
    0x08000618   0x08000618   0x0000000c   Code   RO         4332    i.DMA1_Stream1_IRQHandler  stm32f4xx_it.o
    0x08000624   0x08000624   0x0000000c   Code   RO         4333    i.DMA1_Stream5_IRQHandler  stm32f4xx_it.o
    0x08000630   0x08000630   0x0000000c   Code   RO         4334    i.DMA2_Stream1_IRQHandler  stm32f4xx_it.o
    0x0800063c   0x0800063c   0x0000000c   Code   RO         4335    i.DMA2_Stream2_IRQHandler  stm32f4xx_it.o
    0x08000648   0x08000648   0x00000028   Code   RO         2490    i.DMA_CalcBaseAndBitshift  stm32f4xx_hal_dma.o
    0x08000670   0x08000670   0x00000054   Code   RO         2491    i.DMA_CheckFifoParam  stm32f4xx_hal_dma.o
    0x080006c4   0x080006c4   0x00000002   Code   RO         4336    i.DebugMon_Handler  stm32f4xx_it.o
    0x080006c6   0x080006c6   0x00000002   Code   RO         3824    i.Error_Handler     main.o
    0x080006c8   0x080006c8   0x000000e4   Code   RO            6    i.HAL_CAN_ConfigFilter  stm32f4xx_hal_can.o
    0x080007ac   0x080007ac   0x00000002   Code   RO            8    i.HAL_CAN_ErrorCallback  stm32f4xx_hal_can.o
    0x080007ae   0x080007ae   0x00000002   PAD
    0x080007b0   0x080007b0   0x00000180   Code   RO           11    i.HAL_CAN_IRQHandler  stm32f4xx_hal_can.o
    0x08000930   0x08000930   0x00000148   Code   RO           12    i.HAL_CAN_Init      stm32f4xx_hal_can.o
    0x08000a78   0x08000a78   0x000000e0   Code   RO         4488    i.HAL_CAN_MspInit   can.o
    0x08000b58   0x08000b58   0x00000086   Code   RO           16    i.HAL_CAN_Receive_IT  stm32f4xx_hal_can.o
    0x08000bde   0x08000bde   0x00000002   PAD
    0x08000be0   0x08000be0   0x00000080   Code   RO         4607    i.HAL_CAN_RxCpltCallback  bsp_can.o
    0x08000c60   0x08000c60   0x000001a8   Code   RO           19    i.HAL_CAN_Transmit  stm32f4xx_hal_can.o
    0x08000e08   0x08000e08   0x00000002   Code   RO           21    i.HAL_CAN_TxCpltCallback  stm32f4xx_hal_can.o
    0x08000e0a   0x08000e0a   0x00000024   Code   RO         2494    i.HAL_DMA_Abort_IT  stm32f4xx_hal_dma.o
    0x08000e2e   0x08000e2e   0x00000002   PAD
    0x08000e30   0x08000e30   0x000001a8   Code   RO         2498    i.HAL_DMA_IRQHandler  stm32f4xx_hal_dma.o
    0x08000fd8   0x08000fd8   0x000000d0   Code   RO         2499    i.HAL_DMA_Init      stm32f4xx_hal_dma.o
    0x080010a8   0x080010a8   0x00000016   Code   RO         1040    i.HAL_Delay         stm32f4xx_hal.o
    0x080010be   0x080010be   0x00000002   PAD
    0x080010c0   0x080010c0   0x000001cc   Code   RO          239    i.HAL_GPIO_Init     stm32f4xx_hal_gpio.o
    0x0800128c   0x0800128c   0x0000000a   Code   RO          241    i.HAL_GPIO_ReadPin  stm32f4xx_hal_gpio.o
    0x08001296   0x08001296   0x0000000a   Code   RO          243    i.HAL_GPIO_WritePin  stm32f4xx_hal_gpio.o
    0x080012a0   0x080012a0   0x0000000c   Code   RO         1048    i.HAL_GetTick       stm32f4xx_hal.o
    0x080012ac   0x080012ac   0x00000010   Code   RO         1049    i.HAL_IncTick       stm32f4xx_hal.o
    0x080012bc   0x080012bc   0x00000034   Code   RO         1050    i.HAL_Init          stm32f4xx_hal.o
    0x080012f0   0x080012f0   0x00000074   Code   RO         4220    i.HAL_InitTick      stm32f4xx_hal_timebase_tim.o
    0x08001364   0x08001364   0x00000058   Code   RO         3997    i.HAL_MspInit       stm32f4xx_hal_msp.o
    0x080013bc   0x080013bc   0x00000016   Code   RO          523    i.HAL_NVIC_EnableIRQ  stm32f4xx_hal_cortex.o
    0x080013d2   0x080013d2   0x00000002   PAD
    0x080013d4   0x080013d4   0x00000040   Code   RO          529    i.HAL_NVIC_SetPriority  stm32f4xx_hal_cortex.o
    0x08001414   0x08001414   0x00000024   Code   RO          530    i.HAL_NVIC_SetPriorityGrouping  stm32f4xx_hal_cortex.o
    0x08001438   0x08001438   0x0000008c   Code   RO         1234    i.HAL_PWREx_EnableOverDrive  stm32f4xx_hal_pwr_ex.o
    0x080014c4   0x080014c4   0x0000017c   Code   RO         2597    i.HAL_RCC_ClockConfig  stm32f4xx_hal_rcc.o
    0x08001640   0x08001640   0x00000040   Code   RO         2601    i.HAL_RCC_GetClockConfig  stm32f4xx_hal_rcc.o
    0x08001680   0x08001680   0x0000000c   Code   RO         2602    i.HAL_RCC_GetHCLKFreq  stm32f4xx_hal_rcc.o
    0x0800168c   0x0800168c   0x00000030   Code   RO         2604    i.HAL_RCC_GetPCLK1Freq  stm32f4xx_hal_rcc.o
    0x080016bc   0x080016bc   0x00000030   Code   RO         2605    i.HAL_RCC_GetPCLK2Freq  stm32f4xx_hal_rcc.o
    0x080016ec   0x080016ec   0x00000074   Code   RO         2606    i.HAL_RCC_GetSysClockFreq  stm32f4xx_hal_rcc.o
    0x08001760   0x08001760   0x000002e4   Code   RO         2609    i.HAL_RCC_OscConfig  stm32f4xx_hal_rcc.o
    0x08001a44   0x08001a44   0x00000018   Code   RO          532    i.HAL_SYSTICK_CLKSourceConfig  stm32f4xx_hal_cortex.o
    0x08001a5c   0x08001a5c   0x00000028   Code   RO          534    i.HAL_SYSTICK_Config  stm32f4xx_hal_cortex.o
    0x08001a84   0x08001a84   0x00000002   Code   RO         1579    i.HAL_TIMEx_BreakCallback  stm32f4xx_hal_tim_ex.o
    0x08001a86   0x08001a86   0x00000002   Code   RO         1580    i.HAL_TIMEx_CommutationCallback  stm32f4xx_hal_tim_ex.o
    0x08001a88   0x08001a88   0x00000050   Code   RO         1596    i.HAL_TIMEx_MasterConfigSynchronization  stm32f4xx_hal_tim_ex.o
    0x08001ad8   0x08001ad8   0x00000036   Code   RO         1820    i.HAL_TIM_Base_Init  stm32f4xx_hal_tim.o
    0x08001b0e   0x08001b0e   0x00000002   PAD
    0x08001b10   0x08001b10   0x0000008c   Code   RO         3908    i.HAL_TIM_Base_MspInit  tim.o
    0x08001b9c   0x08001b9c   0x00000018   Code   RO         1825    i.HAL_TIM_Base_Start_IT  stm32f4xx_hal_tim.o
    0x08001bb4   0x08001bb4   0x000000f2   Code   RO         1829    i.HAL_TIM_ConfigClockSource  stm32f4xx_hal_tim.o
    0x08001ca6   0x08001ca6   0x00000002   PAD
    0x08001ca8   0x08001ca8   0x0000003c   Code   RO         4136    i.HAL_TIM_IC_CaptureCallback  freertos.o
    0x08001ce4   0x08001ce4   0x0000011e   Code   RO         1850    i.HAL_TIM_IC_ConfigChannel  stm32f4xx_hal_tim.o
    0x08001e02   0x08001e02   0x00000036   Code   RO         1853    i.HAL_TIM_IC_Init   stm32f4xx_hal_tim.o
    0x08001e38   0x08001e38   0x00000002   Code   RO         1855    i.HAL_TIM_IC_MspInit  stm32f4xx_hal_tim.o
    0x08001e3a   0x08001e3a   0x0000004c   Code   RO         1858    i.HAL_TIM_IC_Start_IT  stm32f4xx_hal_tim.o
    0x08001e86   0x08001e86   0x0000005e   Code   RO         1861    i.HAL_TIM_IC_Stop_IT  stm32f4xx_hal_tim.o
    0x08001ee4   0x08001ee4   0x00000166   Code   RO         1862    i.HAL_TIM_IRQHandler  stm32f4xx_hal_tim.o
    0x0800204a   0x0800204a   0x00000002   PAD
    0x0800204c   0x0800204c   0x000000e4   Code   RO         3909    i.HAL_TIM_MspPostInit  tim.o
    0x08002130   0x08002130   0x00000056   Code   RO         1863    i.HAL_TIM_OC_ConfigChannel  stm32f4xx_hal_tim.o
    0x08002186   0x08002186   0x00000002   Code   RO         1865    i.HAL_TIM_OC_DelayElapsedCallback  stm32f4xx_hal_tim.o
    0x08002188   0x08002188   0x00000036   Code   RO         1867    i.HAL_TIM_OC_Init   stm32f4xx_hal_tim.o
    0x080021be   0x080021be   0x00000002   Code   RO         1869    i.HAL_TIM_OC_MspInit  stm32f4xx_hal_tim.o
    0x080021c0   0x080021c0   0x000000d0   Code   RO         1886    i.HAL_TIM_PWM_ConfigChannel  stm32f4xx_hal_tim.o
    0x08002290   0x08002290   0x00000036   Code   RO         1889    i.HAL_TIM_PWM_Init  stm32f4xx_hal_tim.o
    0x080022c6   0x080022c6   0x00000002   PAD
    0x080022c8   0x080022c8   0x00000084   Code   RO         3911    i.HAL_TIM_PWM_MspInit  tim.o
    0x0800234c   0x0800234c   0x00000002   Code   RO         1892    i.HAL_TIM_PWM_PulseFinishedCallback  stm32f4xx_hal_tim.o
    0x0800234e   0x0800234e   0x00000002   PAD
    0x08002350   0x08002350   0x00000038   Code   RO         1893    i.HAL_TIM_PWM_Start  stm32f4xx_hal_tim.o
    0x08002388   0x08002388   0x00000014   Code   RO         3825    i.HAL_TIM_PeriodElapsedCallback  main.o
    0x0800239c   0x0800239c   0x00000002   Code   RO         1903    i.HAL_TIM_TriggerCallback  stm32f4xx_hal_tim.o
    0x0800239e   0x0800239e   0x00000002   Code   RO          793    i.HAL_UART_ErrorCallback  stm32f4xx_hal_uart.o
    0x080023a0   0x080023a0   0x00000110   Code   RO          796    i.HAL_UART_IRQHandler  stm32f4xx_hal_uart.o
    0x080024b0   0x080024b0   0x00000062   Code   RO          797    i.HAL_UART_Init     stm32f4xx_hal_uart.o
    0x08002512   0x08002512   0x00000002   PAD
    0x08002514   0x08002514   0x00000224   Code   RO         4022    i.HAL_UART_MspInit  usart.o
    0x08002738   0x08002738   0x00000048   Code   RO          802    i.HAL_UART_Receive_IT  stm32f4xx_hal_uart.o
    0x08002780   0x08002780   0x000000d4   Code   RO         4023    i.HAL_UART_RxCpltCallback  usart.o
    0x08002854   0x08002854   0x000000ba   Code   RO          805    i.HAL_UART_Transmit  stm32f4xx_hal_uart.o
    0x0800290e   0x0800290e   0x00000002   Code   RO          808    i.HAL_UART_TxCpltCallback  stm32f4xx_hal_uart.o
    0x08002910   0x08002910   0x00000002   Code   RO         4337    i.HardFault_Handler  stm32f4xx_it.o
    0x08002912   0x08002912   0x00000002   PAD
    0x08002914   0x08002914   0x00000044   Code   RO         4489    i.MX_CAN1_Init      can.o
    0x08002958   0x08002958   0x0000006c   Code   RO         4113    i.MX_DMA_Init       dma.o
    0x080029c4   0x080029c4   0x0000003c   Code   RO         4137    i.MX_FREERTOS_Init  freertos.o
    0x08002a00   0x08002a00   0x0000022c   Code   RO         4260    i.MX_GPIO_Init      gpio.o
    0x08002c2c   0x08002c2c   0x000000e0   Code   RO         3913    i.MX_TIM2_Init      tim.o
    0x08002d0c   0x08002d0c   0x000000a4   Code   RO         3915    i.MX_TIM4_Init      tim.o
    0x08002db0   0x08002db0   0x000000e4   Code   RO         3916    i.MX_TIM5_Init      tim.o
    0x08002e94   0x08002e94   0x000000ec   Code   RO         3917    i.MX_TIM8_Init      tim.o
    0x08002f80   0x08002f80   0x00000038   Code   RO         4024    i.MX_UART7_UART_Init  usart.o
    0x08002fb8   0x08002fb8   0x00000038   Code   RO         4028    i.MX_USART6_UART_Init  usart.o
    0x08002ff0   0x08002ff0   0x00000002   Code   RO         4338    i.MemManage_Handler  stm32f4xx_it.o
    0x08002ff2   0x08002ff2   0x00000002   Code   RO         4339    i.NMI_Handler       stm32f4xx_it.o
    0x08002ff4   0x08002ff4   0x00000020   Code   RO          536    i.NVIC_SetPriority  stm32f4xx_hal_cortex.o
    0x08003014   0x08003014   0x00000018   Code   RO         4698    i.PID_struct_init   pid.o
    0x0800302c   0x0800302c   0x00000018   Code   RO         4537    i.PS2_ClearData     bsp_ps2.o
    0x08003044   0x08003044   0x00000078   Code   RO         4538    i.PS2_DataKey       bsp_ps2.o
    0x080030bc   0x080030bc   0x000000ac   Code   RO         4539    i.PS2_Init          bsp_ps2.o
    0x08003168   0x08003168   0x00000088   Code   RO         4540    i.PS2_ReadData      bsp_ps2.o
    0x080031f0   0x080031f0   0x000001a0   Code   RO         4138    i.StartTask01       freertos.o
    0x08003390   0x08003390   0x0000081c   Code   RO         4139    i.StartTask02       freertos.o
    0x08003bac   0x08003bac   0x00000004   Code   RO         4340    i.SysTick_Handler   stm32f4xx_it.o
    0x08003bb0   0x08003bb0   0x000000a4   Code   RO         3826    i.SystemClock_Config  main.o
    0x08003c54   0x08003c54   0x00000054   Code   RO         2702    i.SystemInit        system_stm32f4xx.o
    0x08003ca8   0x08003ca8   0x0000000c   Code   RO         4341    i.TIM2_IRQHandler   stm32f4xx_it.o
    0x08003cb4   0x08003cb4   0x0000000c   Code   RO         4342    i.TIM5_IRQHandler   stm32f4xx_it.o
    0x08003cc0   0x08003cc0   0x0000000c   Code   RO         4343    i.TIM6_DAC_IRQHandler  stm32f4xx_it.o
    0x08003ccc   0x08003ccc   0x0000000c   Code   RO         4344    i.TIM8_CC_IRQHandler  stm32f4xx_it.o
    0x08003cd8   0x08003cd8   0x000000c0   Code   RO         1904    i.TIM_Base_SetConfig  stm32f4xx_hal_tim.o
    0x08003d98   0x08003d98   0x00000016   Code   RO         1905    i.TIM_CCxChannelCmd  stm32f4xx_hal_tim.o
    0x08003dae   0x08003dae   0x00000014   Code   RO         1911    i.TIM_ETR_SetConfig  stm32f4xx_hal_tim.o
    0x08003dc2   0x08003dc2   0x00000010   Code   RO         1912    i.TIM_ITRx_SetConfig  stm32f4xx_hal_tim.o
    0x08003dd2   0x08003dd2   0x00000002   PAD
    0x08003dd4   0x08003dd4   0x00000058   Code   RO         1913    i.TIM_OC1_SetConfig  stm32f4xx_hal_tim.o
    0x08003e2c   0x08003e2c   0x00000064   Code   RO         1914    i.TIM_OC2_SetConfig  stm32f4xx_hal_tim.o
    0x08003e90   0x08003e90   0x00000060   Code   RO         1915    i.TIM_OC3_SetConfig  stm32f4xx_hal_tim.o
    0x08003ef0   0x08003ef0   0x00000050   Code   RO         1916    i.TIM_OC4_SetConfig  stm32f4xx_hal_tim.o
    0x08003f40   0x08003f40   0x00000022   Code   RO         1918    i.TIM_TI1_ConfigInputStage  stm32f4xx_hal_tim.o
    0x08003f62   0x08003f62   0x00000002   PAD
    0x08003f64   0x08003f64   0x00000084   Code   RO         1919    i.TIM_TI1_SetConfig  stm32f4xx_hal_tim.o
    0x08003fe8   0x08003fe8   0x00000024   Code   RO         1920    i.TIM_TI2_ConfigInputStage  stm32f4xx_hal_tim.o
    0x0800400c   0x0800400c   0x00000036   Code   RO         1921    i.TIM_TI2_SetConfig  stm32f4xx_hal_tim.o
    0x08004042   0x08004042   0x00000010   Code   RO          810    i.UART_DMAAbortOnError  stm32f4xx_hal_uart.o
    0x08004052   0x08004052   0x0000001c   Code   RO          816    i.UART_EndRxTransfer  stm32f4xx_hal_uart.o
    0x0800406e   0x0800406e   0x0000008c   Code   RO          818    i.UART_Receive_IT   stm32f4xx_hal_uart.o
    0x080040fa   0x080040fa   0x00000002   PAD
    0x080040fc   0x080040fc   0x000002ac   Code   RO          819    i.UART_SetConfig    stm32f4xx_hal_uart.o
    0x080043a8   0x080043a8   0x00000062   Code   RO          820    i.UART_Transmit_IT  stm32f4xx_hal_uart.o
    0x0800440a   0x0800440a   0x00000064   Code   RO          821    i.UART_WaitOnFlagUntilTimeout  stm32f4xx_hal_uart.o
    0x0800446e   0x0800446e   0x00000002   PAD
    0x08004470   0x08004470   0x0000000c   Code   RO         4345    i.USART1_IRQHandler  stm32f4xx_it.o
    0x0800447c   0x0800447c   0x0000000c   Code   RO         4346    i.USART2_IRQHandler  stm32f4xx_it.o
    0x08004488   0x08004488   0x0000000c   Code   RO         4347    i.USART3_IRQHandler  stm32f4xx_it.o
    0x08004494   0x08004494   0x0000000c   Code   RO         4348    i.USART6_IRQHandler  stm32f4xx_it.o
    0x080044a0   0x080044a0   0x00000002   Code   RO         4349    i.UsageFault_Handler  stm32f4xx_it.o
    0x080044a2   0x080044a2   0x00000002   PAD
    0x080044a4   0x080044a4   0x00000010   Code   RO         4776    i.__0printf$bare    mc_w.l(printfb.o)
    0x080044b4   0x080044b4   0x00000008   Code   RO         5057    i.__aeabi_errno_addr  mc_w.l(errno.o)
    0x080044bc   0x080044bc   0x0000000e   Code   RO         5121    i.__scatterload_copy  mc_w.l(handlers.o)
    0x080044ca   0x080044ca   0x00000002   Code   RO         5122    i.__scatterload_null  mc_w.l(handlers.o)
    0x080044cc   0x080044cc   0x0000000e   Code   RO         5123    i.__scatterload_zeroinit  mc_w.l(handlers.o)
    0x080044da   0x080044da   0x00000022   Code   RO         4783    i._printf_core      mc_w.l(printfb.o)
    0x080044fc   0x080044fc   0x0000002a   Code   RO         4699    i.abs_limit         pid.o
    0x08004526   0x08004526   0x00000002   PAD
    0x08004528   0x08004528   0x000002f4   Code   RO         4541    i.app_ps2_deal      bsp_ps2.o
    0x0800481c   0x0800481c   0x0000001c   Code   RO         4542    i.delay_1us         bsp_ps2.o
    0x08004838   0x08004838   0x00000074   Code   RO         4140    i.duoji_smooth      freertos.o
    0x080048ac   0x080048ac   0x00000018   Code   RO         4030    i.fputc             usart.o
    0x080048c4   0x080048c4   0x00000054   Code   RO         4610    i.get_moto_measure  bsp_can.o
    0x08004918   0x08004918   0x0000000c   Code   RO         4611    i.get_moto_offset   bsp_can.o
    0x08004924   0x08004924   0x00000078   Code   RO         3827    i.main              main.o
    0x0800499c   0x0800499c   0x0000000c   Code   RO         3274    i.makeFreeRtosPriority  cmsis_os.o
    0x080049a8   0x080049a8   0x00000060   Code   RO         4613    i.my_can_filter_init_recv_all  bsp_can.o
    0x08004a08   0x08004a08   0x0000000e   Code   RO         3275    i.osDelay           cmsis_os.o
    0x08004a16   0x08004a16   0x0000000a   Code   RO         3278    i.osKernelStart     cmsis_os.o
    0x08004a20   0x08004a20   0x00000014   Code   RO         3307    i.osSystickHandler  cmsis_os.o
    0x08004a34   0x08004a34   0x00000038   Code   RO         3308    i.osThreadCreate    cmsis_os.o
    0x08004a6c   0x08004a6c   0x000001c4   Code   RO         4700    i.pid_calc          pid.o
    0x08004c30   0x08004c30   0x0000000e   Code   RO         4701    i.pid_param_init    pid.o
    0x08004c3e   0x08004c3e   0x00000006   Code   RO         4702    i.pid_reset         pid.o
    0x08004c44   0x08004c44   0x00000034   Code   RO         2735    i.prvAddCurrentTaskToDelayedList  tasks.o
    0x08004c78   0x08004c78   0x00000054   Code   RO         2736    i.prvCheckTasksWaitingTermination  tasks.o
    0x08004ccc   0x08004ccc   0x0000004c   Code   RO         3756    i.prvHeapInit       heap_4.o
    0x08004d18   0x08004d18   0x00000028   Code   RO         2737    i.prvIdleTask       tasks.o
    0x08004d40   0x08004d40   0x0000004c   Code   RO         3757    i.prvInsertBlockIntoFreeList  heap_4.o
    0x08004d8c   0x08004d8c   0x00000020   Code   RO         2739    i.prvResetNextTaskUnblockTime  tasks.o
    0x08004dac   0x08004dac   0x00000028   Code   RO         3692    i.prvTaskExitError  port.o
    0x08004dd4   0x08004dd4   0x000000d8   Code   RO         3758    i.pvPortMalloc      heap_4.o
    0x08004eac   0x08004eac   0x00000028   Code   RO         3693    i.pxPortInitialiseStack  port.o
    0x08004ed4   0x08004ed4   0x0000004e   Code   RO         4614    i.set_moto_current  bsp_can.o
    0x08004f22   0x08004f22   0x00000024   Code   RO         3234    i.uxListRemove      list.o
    0x08004f46   0x08004f46   0x00000016   Code   RO         3235    i.vListInitialise   list.o
    0x08004f5c   0x08004f5c   0x00000006   Code   RO         3236    i.vListInitialiseItem  list.o
    0x08004f62   0x08004f62   0x00000030   Code   RO         3237    i.vListInsert       list.o
    0x08004f92   0x08004f92   0x00000018   Code   RO         3238    i.vListInsertEnd    list.o
    0x08004faa   0x08004faa   0x00000002   PAD
    0x08004fac   0x08004fac   0x00000040   Code   RO         3695    i.vPortEnterCritical  port.o
    0x08004fec   0x08004fec   0x00000028   Code   RO         3696    i.vPortExitCritical  port.o
    0x08005014   0x08005014   0x0000005c   Code   RO         3759    i.vPortFree         heap_4.o
    0x08005070   0x08005070   0x00000020   Code   RO         3697    i.vPortSetupTimerInterrupt  port.o
    0x08005090   0x08005090   0x00000068   Code   RO         2749    i.vTaskDelay        tasks.o
    0x080050f8   0x080050f8   0x00000068   Code   RO         2761    i.vTaskStartScheduler  tasks.o
    0x08005160   0x08005160   0x00000010   Code   RO         2763    i.vTaskSuspendAll   tasks.o
    0x08005170   0x08005170   0x0000005c   Code   RO         2764    i.vTaskSwitchContext  tasks.o
    0x080051cc   0x080051cc   0x000000e0   Code   RO         3699    i.xPortStartScheduler  port.o
    0x080052ac   0x080052ac   0x0000002c   Code   RO         3700    i.xPortSysTickHandler  port.o
    0x080052d8   0x080052d8   0x000001bc   Code   RO         2766    i.xTaskGenericCreate  tasks.o
    0x08005494   0x08005494   0x0000001c   Code   RO         2770    i.xTaskGetSchedulerState  tasks.o
    0x080054b0   0x080054b0   0x000000cc   Code   RO         2773    i.xTaskIncrementTick  tasks.o
    0x0800557c   0x0800557c   0x000000c4   Code   RO         2779    i.xTaskResumeAll    tasks.o
    0x08005640   0x08005640   0x00000008   Data   RO         2505    .constdata          stm32f4xx_hal_dma.o
    0x08005648   0x08005648   0x00000010   Data   RO         2610    .constdata          stm32f4xx_hal_rcc.o
    0x08005658   0x08005658   0x00000028   Data   RO         4142    .constdata          freertos.o
    0x08005680   0x08005680   0x00000081   Data   RO         5086    .constdata          mc_w.l(ctype_o.o)
    0x08005701   0x08005701   0x00000003   PAD
    0x08005704   0x08005704   0x00000004   Data   RO         5087    .constdata          mc_w.l(ctype_o.o)
    0x08005708   0x08005708   0x00000015   Data   RO         4143    .conststring        freertos.o
    0x0800571d   0x0800571d   0x00000003   PAD
    0x08005720   0x08005720   0x00000020   Data   RO         5119    Region$$Table       anon$$obj.o


    Execution Region RW_IRAM1 (Exec base: 0x20000000, Load base: 0x08005740, Size: 0x00004b88, Max: 0x00030000, ABSOLUTE)

    Exec Addr    Load Addr    Size         Type   Attr      Idx    E Section Name        Object

    0x20000000   0x08005740   0x00000004   Data   RW         1056    .data               stm32f4xx_hal.o
    0x20000004   0x08005744   0x00000004   Data   RW         2704    .data               system_stm32f4xx.o
    0x20000008   0x08005748   0x00000038   Data   RW         2782    .data               tasks.o
    0x20000040   0x08005780   0x0000000c   Data   RW         3701    .data               port.o
    0x2000004c   0x0800578c   0x00000018   Data   RW         3764    .data               heap_4.o
    0x20000064   0x080057a4   0x00000006   Data   RW         4034    .data               usart.o
    0x2000006a   0x080057aa   0x00000002   PAD
    0x2000006c   0x080057ac   0x00000004   Data   RW         4035    .data               usart.o
    0x20000070   0x080057b0   0x0000002c   Data   RW         4144    .data               freertos.o
    0x2000009c   0x080057dc   0x00000004   Data   RW         4492    .data               can.o
    0x200000a0   0x080057e0   0x00000046   Data   RW         4545    .data               bsp_ps2.o
    0x200000e6   0x08005826   0x00000002   PAD
    0x200000e8   0x08005828   0x00000004   Data   RW         4546    .data               bsp_ps2.o
    0x200000ec   0x0800582c   0x00000004   Data   RW         4547    .data               bsp_ps2.o
    0x200000f0   0x08005830   0x00000001   Data   RW         4616    .data               bsp_can.o
    0x200000f1   0x08005831   0x00000003   PAD
    0x200000f4   0x08005834   0x00000004   Data   RW         5060    .data               mc_w.l(errno.o)
    0x200000f8        -       0x000000f0   Zero   RW         2781    .bss                tasks.o
    0x200001e8        -       0x00003c00   Zero   RW         3763    .bss                heap_4.o
    0x20003de8        -       0x00000168   Zero   RW         3918    .bss                tim.o
    0x20003f50        -       0x000003f0   Zero   RW         4031    .bss                usart.o
    0x20004340        -       0x00000060   Zero   RW         4032    .bss                usart.o
    0x200043a0        -       0x00000010   Zero   RW         4141    .bss                freertos.o
    0x200043b0        -       0x0000003c   Zero   RW         4223    .bss                stm32f4xx_hal_timebase_tim.o
    0x200043ec        -       0x00000080   Zero   RW         4491    .bss                can.o
    0x2000446c        -       0x00000009   Zero   RW         4543    .bss                bsp_ps2.o
    0x20004475   0x08005838   0x00000003   PAD
    0x20004478        -       0x0000015c   Zero   RW         4615    .bss                bsp_can.o
    0x200045d4        -       0x000001b0   Zero   RW         4707    .bss                pid.o
    0x20004784   0x08005838   0x00000004   PAD
    0x20004788        -       0x00000400   Zero   RW         3814    STACK               startup_stm32f427xx.o


==============================================================================

Image component sizes


      Code (inc. data)   RO Data    RW Data    ZI Data      Debug   Object Name

       398         34          0          1        348       6044   bsp_can.o
      1236        296          0         78          9       4882   bsp_ps2.o
       292         32          0          4        128       1787   can.o
       112          0          0          0          0      15956   cmsis_os.o
       108          4          0          0          0        782   dma.o
      2728        230         61         44         16       6041   freertos.o
       556         38          0          0          0       1247   gpio.o
       460         24          0         24      15360       7139   heap_4.o
       136          0          0          0          0       3474   list.o
       306         50          0          0          0       6344   main.o
       538         12          0          0        432       5060   pid.o
       670         74          0         12          0       8272   port.o
        36          8        428          0       1024        784   startup_stm32f427xx.o
       102         16          0          4          0       3484   stm32f4xx_hal.o
      1894         38          0          0          0     357244   stm32f4xx_hal_can.o
       218         14          0          0          0      30953   stm32f4xx_hal_cortex.o
       792         22          8          0          0       4663   stm32f4xx_hal_dma.o
       480         52          0          0          0       3131   stm32f4xx_hal_gpio.o
        88          0          0          0          0        506   stm32f4xx_hal_msp.o
       140         14          0          0          0       1256   stm32f4xx_hal_pwr_ex.o
      1408         90         16          0          0       6428   stm32f4xx_hal_rcc.o
      2526        116          0          0          0      22284   stm32f4xx_hal_tim.o
        84          0          0          0          0       2350   stm32f4xx_hal_tim_ex.o
       116         16          0          0         60       1400   stm32f4xx_hal_timebase_tim.o
      1698         14          0          0          0       9607   stm32f4xx_hal_uart.o
       208         96          0          0          0      10224   stm32f4xx_it.o
        84         18          0          4          0       1297   system_stm32f4xx.o
      1396        116          0         56        240      28482   tasks.o
      1352        110          0          0        360       5582   tim.o
         0          0          0          0          0      11316   timers.o
       896         94          0         10       1104       5983   usart.o

    ----------------------------------------------------------------------
     21098       1628        548        244      19088     574002   Object Totals
         0          0         32          0          0          0   (incl. Generated)
        40          0          3          7          7          0   (incl. Padding)

    ----------------------------------------------------------------------

      Code (inc. data)   RO Data    RW Data    ZI Data      Debug   Library Member Name

        28          0          0          0          0         68   _chval.o
       158          0          0          0          0         92   _strtoul.o
        26          0          0          0          0         80   atoi.o
         8          4        133          0          0         68   ctype_o.o
         0          0          0          0          0          0   entry.o
         0          0          0          0          0          0   entry10a.o
         0          0          0          0          0          0   entry11a.o
         4          0          0          0          0          0   entry12b.o
         8          4          0          0          0          0   entry2.o
         4          0          0          0          0          0   entry5.o
         0          0          0          0          0          0   entry7b.o
         0          0          0          0          0          0   entry8b.o
         8          4          0          0          0          0   entry9a.o
         8          4          0          4          0         68   errno.o
        30          0          0          0          0          0   handlers.o
        36          8          0          0          0         68   init.o
        36          0          0          0          0         68   memcpya.o
        36          0          0          0          0        108   memseta.o
        50          8          0          0          0        152   printfb.o
       112          0          0          0          0         88   strtol.o

    ----------------------------------------------------------------------
       554         32        136          4          0        860   Library Totals
         2          0          3          0          0          0   (incl. Padding)

    ----------------------------------------------------------------------

      Code (inc. data)   RO Data    RW Data    ZI Data      Debug   Library Name

       552         32        133          4          0        860   mc_w.l

    ----------------------------------------------------------------------
       554         32        136          4          0        860   Library Totals

    ----------------------------------------------------------------------

==============================================================================


      Code (inc. data)   RO Data    RW Data    ZI Data      Debug   

     21652       1660        684        248      19088     557554   Grand Totals
     21652       1660        684        248      19088     557554   ELF Image Totals
     21652       1660        684        248          0          0   ROM Totals

==============================================================================

    Total RO  Size (Code + RO Data)                22336 (  21.81kB)
    Total RW  Size (RW Data + ZI Data)             19336 (  18.88kB)
    Total ROM Size (Code + RO Data + RW Data)      22584 (  22.05kB)

==============================================================================

